../Core/Src/main.c:127:6:HAL_TIM_PWM_PulseFinishedCallback	16	static
../Core/Src/main.c:152:6:HAL_TIM_PWM_PulseFinishedHalfCpltCallback	16	static
../Core/Src/main.c:182:6:AdcInitializeData	8	static
../Core/Src/main.c:200:9:GetButtonState	16	static
../Core/Src/main.c:218:6:HAL_ADC_ConvCpltCallback	40	static
../Core/Src/main.c:337:6:SystemClock_Config	88	static,ignoring_inline_asm
../Core/Src/main.c:266:5:main	104	static,ignoring_inline_asm
../Core/Src/main.c:581:6:Error_Handler	0	static,ignoring_inline_asm
