../Core/Src/main.c:143:6:HandleDmaCallback	24	static
../Core/Src/main.c:190:6:HAL_TIM_PWM_PulseFinishedCallback	0	static
../Core/Src/main.c:195:6:HAL_TIM_PWM_PulseFinishedHalfCpltCallback	0	static
../Core/Src/main.c:203:6:AdcInitializeData	8	static
../Core/Src/main.c:221:9:GetButtonState	24	static
../Core/Src/main.c:239:6:HAL_ADC_ConvCpltCallback	56	static
../Core/Src/main.c:385:6:SystemClock_Config	88	static,ignoring_inline_asm
../Core/Src/main.c:300:5:main	112	static,ignoring_inline_asm
../Core/Src/main.c:629:6:Error_Handler	0	static,ignoring_inline_asm
