../Core/Src/stm32f1xx_hal_msp.c:70:6:HAL_MspInit	8	static
../Core/Src/stm32f1xx_hal_msp.c:96:6:HAL_ADC_MspInit	40	static
../Core/Src/stm32f1xx_hal_msp.c:148:6:HAL_ADC_MspDeInit	8	static
../Core/Src/stm32f1xx_hal_msp.c:181:6:HAL_TIM_Base_MspInit	24	static
../Core/Src/stm32f1xx_hal_msp.c:231:6:HAL_TIM_MspPostInit	32	static
../Core/Src/stm32f1xx_hal_msp.c:262:6:HAL_TIM_Base_MspDeInit	8	static
../Core/Src/stm32f1xx_hal_msp.c:288:6:HAL_UART_MspInit	32	static
../Core/Src/stm32f1xx_hal_msp.c:332:6:HAL_UART_MspDeInit	8	static
