Archive member included to satisfy reference by file (symbol)

d:/programming/tools/stm32cubeide_1.12.1/stm32cubeide/plugins/com.st.stm32cube.ide.mcu.externaltools.gnu-tools-for-stm32.10.3-2021.10.win32_1.0.200.202301161003/tools/bin/../lib/gcc/arm-none-eabi/10.3.1/../../../../arm-none-eabi/lib/thumb/v7-m/nofp\libc_nano.a(lib_a-errno.o)
                              ./Core/Src/syscalls.o (__errno)
d:/programming/tools/stm32cubeide_1.12.1/stm32cubeide/plugins/com.st.stm32cube.ide.mcu.externaltools.gnu-tools-for-stm32.10.3-2021.10.win32_1.0.200.202301161003/tools/bin/../lib/gcc/arm-none-eabi/10.3.1/../../../../arm-none-eabi/lib/thumb/v7-m/nofp\libc_nano.a(lib_a-exit.o)
                              d:/programming/tools/stm32cubeide_1.12.1/stm32cubeide/plugins/com.st.stm32cube.ide.mcu.externaltools.gnu-tools-for-stm32.10.3-2021.10.win32_1.0.200.202301161003/tools/bin/../lib/gcc/arm-none-eabi/10.3.1/../../../../arm-none-eabi/lib/thumb/v7-m/nofp/crt0.o (exit)
d:/programming/tools/stm32cubeide_1.12.1/stm32cubeide/plugins/com.st.stm32cube.ide.mcu.externaltools.gnu-tools-for-stm32.10.3-2021.10.win32_1.0.200.202301161003/tools/bin/../lib/gcc/arm-none-eabi/10.3.1/../../../../arm-none-eabi/lib/thumb/v7-m/nofp\libc_nano.a(lib_a-impure.o)
                              d:/programming/tools/stm32cubeide_1.12.1/stm32cubeide/plugins/com.st.stm32cube.ide.mcu.externaltools.gnu-tools-for-stm32.10.3-2021.10.win32_1.0.200.202301161003/tools/bin/../lib/gcc/arm-none-eabi/10.3.1/../../../../arm-none-eabi/lib/thumb/v7-m/nofp\libc_nano.a(lib_a-exit.o) (_global_impure_ptr)
d:/programming/tools/stm32cubeide_1.12.1/stm32cubeide/plugins/com.st.stm32cube.ide.mcu.externaltools.gnu-tools-for-stm32.10.3-2021.10.win32_1.0.200.202301161003/tools/bin/../lib/gcc/arm-none-eabi/10.3.1/../../../../arm-none-eabi/lib/thumb/v7-m/nofp\libc_nano.a(lib_a-init.o)
                              d:/programming/tools/stm32cubeide_1.12.1/stm32cubeide/plugins/com.st.stm32cube.ide.mcu.externaltools.gnu-tools-for-stm32.10.3-2021.10.win32_1.0.200.202301161003/tools/bin/../lib/gcc/arm-none-eabi/10.3.1/../../../../arm-none-eabi/lib/thumb/v7-m/nofp/crt0.o (__libc_init_array)
d:/programming/tools/stm32cubeide_1.12.1/stm32cubeide/plugins/com.st.stm32cube.ide.mcu.externaltools.gnu-tools-for-stm32.10.3-2021.10.win32_1.0.200.202301161003/tools/bin/../lib/gcc/arm-none-eabi/10.3.1/../../../../arm-none-eabi/lib/thumb/v7-m/nofp\libc_nano.a(lib_a-malloc.o)
                              ./Core/Src/Leds.o (malloc)
d:/programming/tools/stm32cubeide_1.12.1/stm32cubeide/plugins/com.st.stm32cube.ide.mcu.externaltools.gnu-tools-for-stm32.10.3-2021.10.win32_1.0.200.202301161003/tools/bin/../lib/gcc/arm-none-eabi/10.3.1/../../../../arm-none-eabi/lib/thumb/v7-m/nofp\libc_nano.a(lib_a-memcmp.o)
                              ./Core/Src/Leds.o (memcmp)
d:/programming/tools/stm32cubeide_1.12.1/stm32cubeide/plugins/com.st.stm32cube.ide.mcu.externaltools.gnu-tools-for-stm32.10.3-2021.10.win32_1.0.200.202301161003/tools/bin/../lib/gcc/arm-none-eabi/10.3.1/../../../../arm-none-eabi/lib/thumb/v7-m/nofp\libc_nano.a(lib_a-memcpy-stub.o)
                              ./Core/Src/Leds.o (memcpy)
d:/programming/tools/stm32cubeide_1.12.1/stm32cubeide/plugins/com.st.stm32cube.ide.mcu.externaltools.gnu-tools-for-stm32.10.3-2021.10.win32_1.0.200.202301161003/tools/bin/../lib/gcc/arm-none-eabi/10.3.1/../../../../arm-none-eabi/lib/thumb/v7-m/nofp\libc_nano.a(lib_a-memset.o)
                              d:/programming/tools/stm32cubeide_1.12.1/stm32cubeide/plugins/com.st.stm32cube.ide.mcu.externaltools.gnu-tools-for-stm32.10.3-2021.10.win32_1.0.200.202301161003/tools/bin/../lib/gcc/arm-none-eabi/10.3.1/../../../../arm-none-eabi/lib/thumb/v7-m/nofp/crt0.o (memset)
d:/programming/tools/stm32cubeide_1.12.1/stm32cubeide/plugins/com.st.stm32cube.ide.mcu.externaltools.gnu-tools-for-stm32.10.3-2021.10.win32_1.0.200.202301161003/tools/bin/../lib/gcc/arm-none-eabi/10.3.1/../../../../arm-none-eabi/lib/thumb/v7-m/nofp\libc_nano.a(lib_a-nano-freer.o)
                              d:/programming/tools/stm32cubeide_1.12.1/stm32cubeide/plugins/com.st.stm32cube.ide.mcu.externaltools.gnu-tools-for-stm32.10.3-2021.10.win32_1.0.200.202301161003/tools/bin/../lib/gcc/arm-none-eabi/10.3.1/../../../../arm-none-eabi/lib/thumb/v7-m/nofp\libc_nano.a(lib_a-malloc.o) (_free_r)
d:/programming/tools/stm32cubeide_1.12.1/stm32cubeide/plugins/com.st.stm32cube.ide.mcu.externaltools.gnu-tools-for-stm32.10.3-2021.10.win32_1.0.200.202301161003/tools/bin/../lib/gcc/arm-none-eabi/10.3.1/../../../../arm-none-eabi/lib/thumb/v7-m/nofp\libc_nano.a(lib_a-nano-mallocr.o)
                              d:/programming/tools/stm32cubeide_1.12.1/stm32cubeide/plugins/com.st.stm32cube.ide.mcu.externaltools.gnu-tools-for-stm32.10.3-2021.10.win32_1.0.200.202301161003/tools/bin/../lib/gcc/arm-none-eabi/10.3.1/../../../../arm-none-eabi/lib/thumb/v7-m/nofp\libc_nano.a(lib_a-malloc.o) (_malloc_r)
[...]
Memory Configuration

Name             Origin             Length             Attributes
RAM              0x0000000020000000 0x0000000000002800 xrw
FLASH            0x0000000008000000 0x0000000000008000 xr
*default*        0x0000000000000000 0xffffffffffffffff

Linker script and memory map

LOAD d:/programming/tools/stm32cubeide_1.12.1/stm32cubeide/plugins/com.st.stm32cube.ide.mcu.externaltools.gnu-tools-for-stm32.10.3-2021.10.win32_1.0.200.202301161003/tools/bin/../lib/gcc/arm-none-eabi/10.3.1/thumb/v7-m/nofp/crti.o
LOAD d:/programming/tools/stm32cubeide_1.12.1/stm32cubeide/plugins/com.st.stm32cube.ide.mcu.externaltools.gnu-tools-for-stm32.10.3-2021.10.win32_1.0.200.202301161003/tools/bin/../lib/gcc/arm-none-eabi/10.3.1/thumb/v7-m/nofp/crtbegin.o
LOAD d:/programming/tools/stm32cubeide_1.12.1/stm32cubeide/plugins/com.st.stm32cube.ide.mcu.externaltools.gnu-tools-for-stm32.10.3-2021.10.win32_1.0.200.202301161003/tools/bin/../lib/gcc/arm-none-eabi/10.3.1/../../../../arm-none-eabi/lib/thumb/v7-m/nofp/crt0.o
LOAD ./Core/Src/Leds.o
LOAD ./Core/Src/main.o
LOAD ./Core/Src/stm32f1xx_hal_msp.o
LOAD ./Core/Src/stm32f1xx_it.o
LOAD ./Core/Src/syscalls.o
LOAD ./Core/Src/sysmem.o
LOAD ./Core/Src/system_stm32f1xx.o
LOAD ./Core/Startup/startup_stm32f103c6tx.o
LOAD ./Drivers/STM32F1xx_HAL_Driver/Src/stm32f1xx_hal.o
LOAD ./Drivers/STM32F1xx_HAL_Driver/Src/stm32f1xx_hal_adc.o
LOAD ./Drivers/STM32F1xx_HAL_Driver/Src/stm32f1xx_hal_adc_ex.o
LOAD ./Drivers/STM32F1xx_HAL_Driver/Src/stm32f1xx_hal_cortex.o
LOAD ./Drivers/STM32F1xx_HAL_Driver/Src/stm32f1xx_hal_dma.o
LOAD ./Drivers/STM32F1xx_HAL_Driver/Src/stm32f1xx_hal_exti.o
LOAD ./Drivers/STM32F1xx_HAL_Driver/Src/stm32f1xx_hal_flash.o
LOAD ./Drivers/STM32F1xx_HAL_Driver/Src/stm32f1xx_hal_flash_ex.o
LOAD ./Drivers/STM32F1xx_HAL_Driver/Src/stm32f1xx_hal_gpio.o
LOAD ./Drivers/STM32F1xx_HAL_Driver/Src/stm32f1xx_hal_gpio_ex.o
LOAD ./Drivers/STM32F1xx_HAL_Driver/Src/stm32f1xx_hal_pcd.o
LOAD ./Drivers/STM32F1xx_HAL_Driver/Src/stm32f1xx_hal_pcd_ex.o
LOAD ./Drivers/STM32F1xx_HAL_Driver/Src/stm32f1xx_hal_pwr.o
LOAD ./Drivers/STM32F1xx_HAL_Driver/Src/stm32f1xx_hal_rcc.o
LOAD ./Drivers/STM32F1xx_HAL_Driver/Src/stm32f1xx_hal_rcc_ex.o
LOAD ./Drivers/STM32F1xx_HAL_Driver/Src/stm32f1xx_hal_tim.o
LOAD ./Drivers/STM32F1xx_HAL_Driver/Src/stm32f1xx_hal_tim_ex.o
LOAD ./Drivers/STM32F1xx_HAL_Driver/Src/stm32f1xx_ll_usb.o
LOAD ./Middlewares/ST/STM32_USB_Device_Library/Class/CustomHID/Src/usbd_customhid.o
LOAD ./Middlewares/ST/STM32_USB_Device_Library/Core/Src/usbd_core.o
LOAD ./Middlewares/ST/STM32_USB_Device_Library/Core/Src/usbd_ctlreq.o
LOAD ./Middlewares/ST/STM32_USB_Device_Library/Core/Src/usbd_ioreq.o
LOAD ./USB_DEVICE/App/usb_device.o
LOAD ./USB_DEVICE/App/usbd_custom_hid_if.o
LOAD ./USB_DEVICE/App/usbd_desc.o
LOAD ./USB_DEVICE/Target/usbd_conf.o
START GROUP
LOAD d:/programming/tools/stm32cubeide_1.12.1/stm32cubeide/plugins/com.st.stm32cube.ide.mcu.externaltools.gnu-tools-for-stm32.10.3-2021.10.win32_1.0.200.202301161003/tools/bin/../lib/gcc/arm-none-eabi/10.3.1/../../../../arm-none-eabi/lib/thumb/v7-m/nofp\libc_nano.a
LOAD d:/programming/tools/stm32cubeide_1.12.1/stm32cubeide/plugins/com.st.stm32cube.ide.mcu.externaltools.gnu-tools-for-stm32.10.3-2021.10.win32_1.0.200.202301161003/tools/bin/../lib/gcc/arm-none-eabi/10.3.1/../../../../arm-none-eabi/lib/thumb/v7-m/nofp\libm.a
END GROUP
START GROUP
LOAD d:/programming/tools/stm32cubeide_1.12.1/stm32cubeide/plugins/com.st.stm32cube.ide.mcu.externaltools.gnu-tools-for-stm32.10.3-2021.10.win32_1.0.200.202301161003/tools/bin/../lib/gcc/arm-none-eabi/10.3.1/thumb/v7-m/nofp\libgcc.a
LOAD d:/programming/tools/stm32cubeide_1.12.1/stm32cubeide/plugins/com.st.stm32cube.ide.mcu.externaltools.gnu-tools-for-stm32.10.3-2021.10.win32_1.0.200.202301161003/tools/bin/../lib/gcc/arm-none-eabi/10.3.1/../../../../arm-none-eabi/lib/thumb/v7-m/nofp\libc_nano.a
END GROUP
START GROUP
LOAD d:/programming/tools/stm32cubeide_1.12.1/stm32cubeide/plugins/com.st.stm32cube.ide.mcu.externaltools.gnu-tools-for-stm32.10.3-2021.10.win32_1.0.200.202301161003/tools/bin/../lib/gcc/arm-none-eabi/10.3.1/thumb/v7-m/nofp\libgcc.a
LOAD d:/programming/tools/stm32cubeide_1.12.1/stm32cubeide/plugins/com.st.stm32cube.ide.mcu.externaltools.gnu-tools-for-stm32.10.3-2021.10.win32_1.0.200.202301161003/tools/bin/../lib/gcc/arm-none-eabi/10.3.1/../../../../arm-none-eabi/lib/thumb/v7-m/nofp\libc_nano.a
LOAD d:/programming/tools/stm32cubeide_1.12.1/stm32cubeide/plugins/com.st.stm32cube.ide.mcu.externaltools.gnu-tools-for-stm32.10.3-2021.10.win32_1.0.200.202301161003/tools/bin/../lib/gcc/arm-none-eabi/10.3.1/../../../../arm-none-eabi/lib/thumb/v7-m/nofp\libnosys.a
END GROUP
START GROUP
LOAD d:/programming/tools/stm32cubeide_1.12.1/stm32cubeide/plugins/com.st.stm32cube.ide.mcu.externaltools.gnu-tools-for-stm32.10.3-2021.10.win32_1.0.200.202301161003/tools/bin/../lib/gcc/arm-none-eabi/10.3.1/thumb/v7-m/nofp\libgcc.a
LOAD d:/programming/tools/stm32cubeide_1.12.1/stm32cubeide/plugins/com.st.stm32cube.ide.mcu.externaltools.gnu-tools-for-stm32.10.3-2021.10.win32_1.0.200.202301161003/tools/bin/../lib/gcc/arm-none-eabi/10.3.1/../../../../arm-none-eabi/lib/thumb/v7-m/nofp\libc_nano.a
LOAD d:/programming/tools/stm32cubeide_1.12.1/stm32cubeide/plugins/com.st.stm32cube.ide.mcu.externaltools.gnu-tools-for-stm32.10.3-2021.10.win32_1.0.200.202301161003/tools/bin/../lib/gcc/arm-none-eabi/10.3.1/../../../../arm-none-eabi/lib/thumb/v7-m/nofp\libnosys.a
END GROUP
LOAD d:/programming/tools/stm32cubeide_1.12.1/stm32cubeide/plugins/com.st.stm32cube.ide.mcu.externaltools.gnu-tools-for-stm32.10.3-2021.10.win32_1.0.200.202301161003/tools/bin/../lib/gcc/arm-none-eabi/10.3.1/thumb/v7-m/nofp/crtend.o
LOAD d:/programming/tools/stm32cubeide_1.12.1/stm32cubeide/plugins/com.st.stm32cube.ide.mcu.externaltools.gnu-tools-for-stm32.10.3-2021.10.win32_1.0.200.202301161003/tools/bin/../lib/gcc/arm-none-eabi/10.3.1/thumb/v7-m/nofp/crtn.o
                0x0000000020002800                _estack = (ORIGIN (RAM) + LENGTH (RAM))
                0x0000000000000200                _Min_Heap_Size = 0x200
                0x0000000000000400                _Min_Stack_Size = 0x400

.isr_vector     0x0000000008000000      0x10c
                0x0000000008000000                . = ALIGN (0x4)
 *(.isr_vector)
 .isr_vector    0x0000000008000000      0x10c ./Core/Startup/startup_stm32f103c6tx.o
                0x0000000008000000                g_pfnVectors
                0x000000000800010c                . = ALIGN (0x4)

.text           0x000000000800010c     0x4af8
                0x000000000800010c                . = ALIGN (0x4)
 *(.text)
 .text          0x000000000800010c       0x40 d:/programming/tools/stm32cubeide_1.12.1/stm32cubeide/plugins/com.st.stm32cube.ide.mcu.externaltools.gnu-tools-for-stm32.10.3-2021.10.win32_1.0.200.202301161003/tools/bin/../lib/gcc/arm-none-eabi/10.3.1/thumb/v7-m/nofp/crtbegin.o
 *(.text*)
 .text.GetLedSection
                0x000000000800014c       0x14 ./Core/Src/Leds.o
                0x000000000800014c                GetLedSection
 .text.InitializeLedConfigs
                0x0000000008000160       0x2c ./Core/Src/Leds.o
                0x0000000008000160                InitializeLedConfigs
 .text.InitializeLedSection
                0x000000000800018c       0x5c ./Core/Src/Leds.o
                0x000000000800018c                InitializeLedSection
 .text.FillBuffer
                0x00000000080001e8       0xd0 ./Core/Src/Leds.o
                0x00000000080001e8                FillBuffer
 .text.InitializeMemoryForDmaTransaction
                0x00000000080002b8       0x70 ./Core/Src/Leds.o
                0x00000000080002b8                InitializeMemoryForDmaTransaction
 .text.HandleDmaCircularMode
                0x0000000008000328       0x2e ./Core/Src/Leds.o
                0x0000000008000328                HandleDmaCircularMode
 *fill*         0x0000000008000356        0x2 
 .text.HandleDmaCallback
                0x0000000008000358       0x80 ./Core/Src/main.o
                0x0000000008000358                HandleDmaCallback
 .text.HAL_TIM_PWM_PulseFinishedCallback
                0x00000000080003d8        0x4 ./Core/Src/main.o
                0x00000000080003d8                HAL_TIM_PWM_PulseFinishedCallback
 .text.HAL_TIM_PWM_PulseFinishedHalfCpltCallback
                0x00000000080003dc        0x4 ./Core/Src/main.o
                0x00000000080003dc                HAL_TIM_PWM_PulseFinishedHalfCpltCallback
 .text.AdcInitializeData
                0x00000000080003e0       0x58 ./Core/Src/main.o
                0x00000000080003e0                AdcInitializeData
 .text.GetButtonState
                0x0000000008000438       0x78 ./Core/Src/main.o
                0x0000000008000438                GetButtonState
 .text.HAL_ADC_ConvCpltCallback
                0x00000000080004b0      0x13c ./Core/Src/main.o
                0x00000000080004b0                HAL_ADC_ConvCpltCallback
 .text.SystemClock_Config
                0x00000000080005ec       0x82 ./Core/Src/main.o
                0x00000000080005ec                SystemClock_Config
 *fill*         0x000000000800066e        0x2 
 .text.startup.main
                0x0000000008000670      0x354 ./Core/Src/main.o
                0x0000000008000670                main
 .text.Error_Handler
                0x00000000080009c4        0x4 ./Core/Src/main.o
                0x00000000080009c4                Error_Handler
 .text.HAL_MspInit
                0x00000000080009c8       0x44 ./Core/Src/stm32f1xx_hal_msp.o
                0x00000000080009c8                HAL_MspInit
 .text.HAL_ADC_MspInit
                0x0000000008000a0c       0xa8 ./Core/Src/stm32f1xx_hal_msp.o
                0x0000000008000a0c                HAL_ADC_MspInit
 .text.HAL_TIM_Base_MspInit
                0x0000000008000ab4       0xa4 ./Core/Src/stm32f1xx_hal_msp.o
                0x0000000008000ab4                HAL_TIM_Base_MspInit
 .text.HAL_TIM_MspPostInit
                0x0000000008000b58       0x50 ./Core/Src/stm32f1xx_hal_msp.o
                0x0000000008000b58                HAL_TIM_MspPostInit
 .text.NMI_Handler
                0x0000000008000ba8        0x2 ./Core/Src/stm32f1xx_it.o
                0x0000000008000ba8                NMI_Handler
 .text.HardFault_Handler
                0x0000000008000baa        0x2 ./Core/Src/stm32f1xx_it.o
                0x0000000008000baa                HardFault_Handler
 .text.MemManage_Handler
                0x0000000008000bac        0x2 ./Core/Src/stm32f1xx_it.o
                0x0000000008000bac                MemManage_Handler
 .text.BusFault_Handler
                0x0000000008000bae        0x2 ./Core/Src/stm32f1xx_it.o
                0x0000000008000bae                BusFault_Handler
 .text.UsageFault_Handler
                0x0000000008000bb0        0x2 ./Core/Src/stm32f1xx_it.o
                0x0000000008000bb0                UsageFault_Handler
 .text.SVC_Handler
                0x0000000008000bb2        0x2 ./Core/Src/stm32f1xx_it.o
                0x0000000008000bb2                SVC_Handler
 .text.DebugMon_Handler
                0x0000000008000bb4        0x2 ./Core/Src/stm32f1xx_it.o
                0x0000000008000bb4                DebugMon_Handler
 .text.PendSV_Handler
                0x0000000008000bb6        0x2 ./Core/Src/stm32f1xx_it.o
                0x0000000008000bb6                PendSV_Handler
 .text.SysTick_Handler
                0x0000000008000bb8        0x4 ./Core/Src/stm32f1xx_it.o
                0x0000000008000bb8                SysTick_Handler
 .text.DMA1_Channel1_IRQHandler
                0x0000000008000bbc        0xc ./Core/Src/stm32f1xx_it.o
                0x0000000008000bbc                DMA1_Channel1_IRQHandler
 .text.DMA1_Channel2_IRQHandler
                0x0000000008000bc8        0xc ./Core/Src/stm32f1xx_it.o
                0x0000000008000bc8                DMA1_Channel2_IRQHandler
 .text.DMA1_Channel3_IRQHandler
                0x0000000008000bd4        0xc ./Core/Src/stm32f1xx_it.o
                0x0000000008000bd4                DMA1_Channel3_IRQHandler
 .text.ADC1_2_IRQHandler
                0x0000000008000be0        0xc ./Core/Src/stm32f1xx_it.o
                0x0000000008000be0                ADC1_2_IRQHandler
 .text.USB_LP_CAN1_RX0_IRQHandler
                0x0000000008000bec        0xc ./Core/Src/stm32f1xx_it.o
                0x0000000008000bec                USB_LP_CAN1_RX0_IRQHandler
 .text._sbrk    0x0000000008000bf8       0x40 ./Core/Src/sysmem.o
                0x0000000008000bf8                _sbrk
 .text.SystemInit
                0x0000000008000c38        0x2 ./Core/Src/system_stm32f1xx.o
                0x0000000008000c38                SystemInit
 *fill*         0x0000000008000c3a        0x2 
 .text.Reset_Handler
                0x0000000008000c3c       0x48 ./Core/Startup/startup_stm32f103c6tx.o
                0x0000000008000c3c                Reset_Handler
 .text.Default_Handler
                0x0000000008000c84        0x2 ./Core/Startup/startup_stm32f103c6tx.o
                0x0000000008000c84                RTC_Alarm_IRQHandler
                0x0000000008000c84                EXTI2_IRQHandler
                0x0000000008000c84                TIM1_CC_IRQHandler
                0x0000000008000c84                PVD_IRQHandler
                0x0000000008000c84                EXTI3_IRQHandler
                0x0000000008000c84                EXTI0_IRQHandler
                0x0000000008000c84                SPI1_IRQHandler
                0x0000000008000c84                TAMPER_IRQHandler
                0x0000000008000c84                DMA1_Channel4_IRQHandler
                0x0000000008000c84                RTC_IRQHandler
                0x0000000008000c84                DMA1_Channel7_IRQHandler
                0x0000000008000c84                CAN1_RX1_IRQHandler
                0x0000000008000c84                I2C1_EV_IRQHandler
                0x0000000008000c84                DMA1_Channel6_IRQHandler
                0x0000000008000c84                TIM3_IRQHandler
                0x0000000008000c84                RCC_IRQHandler
                0x0000000008000c84                TIM1_TRG_COM_IRQHandler
                0x0000000008000c84                Default_Handler
                0x0000000008000c84                EXTI15_10_IRQHandler
                0x0000000008000c84                EXTI9_5_IRQHandler
                0x0000000008000c84                DMA1_Channel5_IRQHandler
                0x0000000008000c84                EXTI4_IRQHandler
                0x0000000008000c84                USB_HP_CAN1_TX_IRQHandler
                0x0000000008000c84                TIM1_UP_IRQHandler
                0x0000000008000c84                WWDG_IRQHandler
                0x0000000008000c84                TIM2_IRQHandler
                0x0000000008000c84                TIM1_BRK_IRQHandler
                0x0000000008000c84                EXTI1_IRQHandler
                0x0000000008000c84                USART2_IRQHandler
                0x0000000008000c84                CAN1_SCE_IRQHandler
                0x0000000008000c84                FLASH_IRQHandler
                0x0000000008000c84                USART1_IRQHandler
                0x0000000008000c84                I2C1_ER_IRQHandler
                0x0000000008000c84                USBWakeUp_IRQHandler
 *fill*         0x0000000008000c86        0x2 
 .text.HAL_InitTick
                0x0000000008000c88       0x48 ./Drivers/STM32F1xx_HAL_Driver/Src/stm32f1xx_hal.o
                0x0000000008000c88                HAL_InitTick
 .text.HAL_Init
                0x0000000008000cd0       0x24 ./Drivers/STM32F1xx_HAL_Driver/Src/stm32f1xx_hal.o
                0x0000000008000cd0                HAL_Init
 .text.HAL_IncTick
                0x0000000008000cf4       0x18 ./Drivers/STM32F1xx_HAL_Driver/Src/stm32f1xx_hal.o
                0x0000000008000cf4                HAL_IncTick
 .text.HAL_GetTick
                0x0000000008000d0c        0xc ./Drivers/STM32F1xx_HAL_Driver/Src/stm32f1xx_hal.o
                0x0000000008000d0c                HAL_GetTick
 .text.HAL_Delay
                0x0000000008000d18       0x24 ./Drivers/STM32F1xx_HAL_Driver/Src/stm32f1xx_hal.o
                0x0000000008000d18                HAL_Delay
 .text.ADC_DMAConvCplt
                0x0000000008000d3c       0x4e ./Drivers/STM32F1xx_HAL_Driver/Src/stm32f1xx_hal_adc.o
                0x0000000008000d3c                ADC_DMAConvCplt
 .text.HAL_ADC_ConvHalfCpltCallback
                0x0000000008000d8a        0x2 ./Drivers/STM32F1xx_HAL_Driver/Src/stm32f1xx_hal_adc.o
                0x0000000008000d8a                HAL_ADC_ConvHalfCpltCallback
 .text.ADC_DMAHalfConvCplt
                0x0000000008000d8c        0xa ./Drivers/STM32F1xx_HAL_Driver/Src/stm32f1xx_hal_adc.o
                0x0000000008000d8c                ADC_DMAHalfConvCplt
 .text.HAL_ADC_LevelOutOfWindowCallback
                0x0000000008000d96        0x2 ./Drivers/STM32F1xx_HAL_Driver/Src/stm32f1xx_hal_adc.o
                0x0000000008000d96                HAL_ADC_LevelOutOfWindowCallback
 .text.HAL_ADC_IRQHandler
                0x0000000008000d98       0xe2 ./Drivers/STM32F1xx_HAL_Driver/Src/stm32f1xx_hal_adc.o
                0x0000000008000d98                HAL_ADC_IRQHandler
 .text.HAL_ADC_ErrorCallback
                0x0000000008000e7a        0x2 ./Drivers/STM32F1xx_HAL_Driver/Src/stm32f1xx_hal_adc.o
                0x0000000008000e7a                HAL_ADC_ErrorCallback
 .text.ADC_DMAError
                0x0000000008000e7c       0x1a ./Drivers/STM32F1xx_HAL_Driver/Src/stm32f1xx_hal_adc.o
                0x0000000008000e7c                ADC_DMAError
 *fill*         0x0000000008000e96        0x2 
 .text.HAL_ADC_ConfigChannel
                0x0000000008000e98       0xfc ./Drivers/STM32F1xx_HAL_Driver/Src/stm32f1xx_hal_adc.o
                0x0000000008000e98                HAL_ADC_ConfigChannel
 .text.ADC_Enable
                0x0000000008000f94       0x78 ./Drivers/STM32F1xx_HAL_Driver/Src/stm32f1xx_hal_adc.o
                0x0000000008000f94                ADC_Enable
 .text.HAL_ADC_Start_DMA
                0x000000000800100c      0x11c ./Drivers/STM32F1xx_HAL_Driver/Src/stm32f1xx_hal_adc.o
                0x000000000800100c                HAL_ADC_Start_DMA
 .text.ADC_ConversionStop_Disable
                0x0000000008001128       0x4c ./Drivers/STM32F1xx_HAL_Driver/Src/stm32f1xx_hal_adc.o
                0x0000000008001128                ADC_ConversionStop_Disable
 .text.HAL_ADC_Init
                0x0000000008001174       0xfc ./Drivers/STM32F1xx_HAL_Driver/Src/stm32f1xx_hal_adc.o
                0x0000000008001174                HAL_ADC_Init
 .text.HAL_ADCEx_InjectedConvCpltCallback
                0x0000000008001270        0x2 ./Drivers/STM32F1xx_HAL_Driver/Src/stm32f1xx_hal_adc_ex.o
                0x0000000008001270                HAL_ADCEx_InjectedConvCpltCallback
 *fill*         0x0000000008001272        0x2 
 .text.HAL_NVIC_SetPriorityGrouping
                0x0000000008001274       0x24 ./Drivers/STM32F1xx_HAL_Driver/Src/stm32f1xx_hal_cortex.o
                0x0000000008001274                HAL_NVIC_SetPriorityGrouping
 .text.HAL_NVIC_SetPriority
                0x0000000008001298       0x64 ./Drivers/STM32F1xx_HAL_Driver/Src/stm32f1xx_hal_cortex.o
                0x0000000008001298                HAL_NVIC_SetPriority
 .text.HAL_NVIC_EnableIRQ
                0x00000000080012fc       0x1c ./Drivers/STM32F1xx_HAL_Driver/Src/stm32f1xx_hal_cortex.o
                0x00000000080012fc                HAL_NVIC_EnableIRQ
 .text.HAL_SYSTICK_Config
                0x0000000008001318       0x28 ./Drivers/STM32F1xx_HAL_Driver/Src/stm32f1xx_hal_cortex.o
                0x0000000008001318                HAL_SYSTICK_Config
 .text.HAL_DMA_Init
                0x0000000008001340       0x64 ./Drivers/STM32F1xx_HAL_Driver/Src/stm32f1xx_hal_dma.o
                0x0000000008001340                HAL_DMA_Init
 .text.HAL_DMA_Start_IT
                0x00000000080013a4       0x78 ./Drivers/STM32F1xx_HAL_Driver/Src/stm32f1xx_hal_dma.o
                0x00000000080013a4                HAL_DMA_Start_IT
 .text.HAL_DMA_Abort_IT
                0x000000000800141c       0x90 ./Drivers/STM32F1xx_HAL_Driver/Src/stm32f1xx_hal_dma.o
                0x000000000800141c                HAL_DMA_Abort_IT
 .text.HAL_DMA_IRQHandler
                0x00000000080014ac      0x128 ./Drivers/STM32F1xx_HAL_Driver/Src/stm32f1xx_hal_dma.o
                0x00000000080014ac                HAL_DMA_IRQHandler
 .text.HAL_GPIO_Init
                0x00000000080015d4      0x1ac ./Drivers/STM32F1xx_HAL_Driver/Src/stm32f1xx_hal_gpio.o
                0x00000000080015d4                HAL_GPIO_Init
 .text.HAL_PCD_Init
                0x0000000008001780       0xf0 ./Drivers/STM32F1xx_HAL_Driver/Src/stm32f1xx_hal_pcd.o
                0x0000000008001780                HAL_PCD_Init
 .text.HAL_PCD_Start
                0x0000000008001870       0x32 ./Drivers/STM32F1xx_HAL_Driver/Src/stm32f1xx_hal_pcd.o
                0x0000000008001870                HAL_PCD_Start
 .text.HAL_PCD_SetAddress
                0x00000000080018a2       0x28 ./Drivers/STM32F1xx_HAL_Driver/Src/stm32f1xx_hal_pcd.o
                0x00000000080018a2                HAL_PCD_SetAddress
 *fill*         0x00000000080018ca        0x2 
 .text.HAL_PCD_IRQHandler
                0x00000000080018cc      0x9bc ./Drivers/STM32F1xx_HAL_Driver/Src/stm32f1xx_hal_pcd.o
                0x00000000080018cc                HAL_PCD_IRQHandler
 .text.HAL_PCD_EP_Open
                0x0000000008002288       0x5e ./Drivers/STM32F1xx_HAL_Driver/Src/stm32f1xx_hal_pcd.o
                0x0000000008002288                HAL_PCD_EP_Open
 .text.HAL_PCD_EP_Close
                0x00000000080022e6       0x50 ./Drivers/STM32F1xx_HAL_Driver/Src/stm32f1xx_hal_pcd.o
                0x00000000080022e6                HAL_PCD_EP_Close
 .text.HAL_PCD_EP_Receive
                0x0000000008002336       0x2e ./Drivers/STM32F1xx_HAL_Driver/Src/stm32f1xx_hal_pcd.o
                0x0000000008002336                HAL_PCD_EP_Receive
 .text.HAL_PCD_EP_Transmit
                0x0000000008002364       0x34 ./Drivers/STM32F1xx_HAL_Driver/Src/stm32f1xx_hal_pcd.o
                0x0000000008002364                HAL_PCD_EP_Transmit
 .text.HAL_PCD_EP_SetStall
                0x0000000008002398       0x68 ./Drivers/STM32F1xx_HAL_Driver/Src/stm32f1xx_hal_pcd.o
                0x0000000008002398                HAL_PCD_EP_SetStall
 .text.HAL_PCD_EP_ClrStall
                0x0000000008002400       0x62 ./Drivers/STM32F1xx_HAL_Driver/Src/stm32f1xx_hal_pcd.o
                0x0000000008002400                HAL_PCD_EP_ClrStall
 .text.HAL_PCDEx_PMAConfig
                0x0000000008002462       0x32 ./Drivers/STM32F1xx_HAL_Driver/Src/stm32f1xx_hal_pcd_ex.o
                0x0000000008002462                HAL_PCDEx_PMAConfig
 .text.HAL_RCC_OscConfig
                0x0000000008002494      0x338 ./Drivers/STM32F1xx_HAL_Driver/Src/stm32f1xx_hal_rcc.o
                0x0000000008002494                HAL_RCC_OscConfig
 .text.HAL_RCC_GetSysClockFreq
                0x00000000080027cc       0x4c ./Drivers/STM32F1xx_HAL_Driver/Src/stm32f1xx_hal_rcc.o
                0x00000000080027cc                HAL_RCC_GetSysClockFreq
 .text.HAL_RCC_ClockConfig
                0x0000000008002818      0x138 ./Drivers/STM32F1xx_HAL_Driver/Src/stm32f1xx_hal_rcc.o
                0x0000000008002818                HAL_RCC_ClockConfig
 .text.HAL_RCCEx_PeriphCLKConfig
                0x0000000008002950       0xf4 ./Drivers/STM32F1xx_HAL_Driver/Src/stm32f1xx_hal_rcc_ex.o
                0x0000000008002950                HAL_RCCEx_PeriphCLKConfig
 .text.TIM_OC1_SetConfig
                0x0000000008002a44       0x50 ./Drivers/STM32F1xx_HAL_Driver/Src/stm32f1xx_hal_tim.o
 .text.TIM_OC3_SetConfig
                0x0000000008002a94       0x54 ./Drivers/STM32F1xx_HAL_Driver/Src/stm32f1xx_hal_tim.o
 .text.TIM_OC4_SetConfig
                0x0000000008002ae8       0x44 ./Drivers/STM32F1xx_HAL_Driver/Src/stm32f1xx_hal_tim.o
 .text.HAL_TIM_PWM_MspInit
                0x0000000008002b2c        0x2 ./Drivers/STM32F1xx_HAL_Driver/Src/stm32f1xx_hal_tim.o
                0x0000000008002b2c                HAL_TIM_PWM_MspInit
 .text.TIM_DMADelayPulseCplt
                0x0000000008002b2e       0x6a ./Drivers/STM32F1xx_HAL_Driver/Src/stm32f1xx_hal_tim.o
 .text.TIM_DMADelayPulseHalfCplt
                0x0000000008002b98       0x38 ./Drivers/STM32F1xx_HAL_Driver/Src/stm32f1xx_hal_tim.o
                0x0000000008002b98                TIM_DMADelayPulseHalfCplt
 .text.HAL_TIM_ErrorCallback
                0x0000000008002bd0        0x2 ./Drivers/STM32F1xx_HAL_Driver/Src/stm32f1xx_hal_tim.o
                0x0000000008002bd0                HAL_TIM_ErrorCallback
 .text.TIM_DMAError
                0x0000000008002bd2       0x58 ./Drivers/STM32F1xx_HAL_Driver/Src/stm32f1xx_hal_tim.o
                0x0000000008002bd2                TIM_DMAError
 *fill*         0x0000000008002c2a        0x2 
 .text.TIM_Base_SetConfig
                0x0000000008002c2c       0x64 ./Drivers/STM32F1xx_HAL_Driver/Src/stm32f1xx_hal_tim.o
                0x0000000008002c2c                TIM_Base_SetConfig
 .text.HAL_TIM_Base_Init
                0x0000000008002c90       0x58 ./Drivers/STM32F1xx_HAL_Driver/Src/stm32f1xx_hal_tim.o
                0x0000000008002c90                HAL_TIM_Base_Init
 .text.HAL_TIM_PWM_Init
                0x0000000008002ce8       0x58 ./Drivers/STM32F1xx_HAL_Driver/Src/stm32f1xx_hal_tim.o
                0x0000000008002ce8                HAL_TIM_PWM_Init
 .text.TIM_OC2_SetConfig
                0x0000000008002d40       0x58 ./Drivers/STM32F1xx_HAL_Driver/Src/stm32f1xx_hal_tim.o
                0x0000000008002d40                TIM_OC2_SetConfig
 .text.HAL_TIM_PWM_ConfigChannel
                0x0000000008002d98       0xb8 ./Drivers/STM32F1xx_HAL_Driver/Src/stm32f1xx_hal_tim.o
                0x0000000008002d98                HAL_TIM_PWM_ConfigChannel
 .text.TIM_ETR_SetConfig
                0x0000000008002e50       0x14 ./Drivers/STM32F1xx_HAL_Driver/Src/stm32f1xx_hal_tim.o
                0x0000000008002e50                TIM_ETR_SetConfig
 .text.HAL_TIM_ConfigClockSource
                0x0000000008002e64      0x138 ./Drivers/STM32F1xx_HAL_Driver/Src/stm32f1xx_hal_tim.o
                0x0000000008002e64                HAL_TIM_ConfigClockSource
 .text.TIM_CCxChannelCmd
                0x0000000008002f9c       0x1c ./Drivers/STM32F1xx_HAL_Driver/Src/stm32f1xx_hal_tim.o
                0x0000000008002f9c                TIM_CCxChannelCmd
 .text.HAL_TIM_OC_Start_DMA
                0x0000000008002fb8      0x174 ./Drivers/STM32F1xx_HAL_Driver/Src/stm32f1xx_hal_tim.o
                0x0000000008002fb8                HAL_TIM_OC_Start_DMA
 .text.HAL_TIM_PWM_Start_DMA
                0x000000000800312c        0x4 ./Drivers/STM32F1xx_HAL_Driver/Src/stm32f1xx_hal_tim.o
                0x000000000800312c                HAL_TIM_PWM_Start_DMA
 .text.HAL_TIM_OC_Stop_DMA
                0x0000000008003130       0xc8 ./Drivers/STM32F1xx_HAL_Driver/Src/stm32f1xx_hal_tim.o
                0x0000000008003130                HAL_TIM_OC_Stop_DMA
 .text.HAL_TIM_PWM_Stop_DMA
                0x00000000080031f8        0x4 ./Drivers/STM32F1xx_HAL_Driver/Src/stm32f1xx_hal_tim.o
                0x00000000080031f8                HAL_TIM_PWM_Stop_DMA
 .text.HAL_TIMEx_MasterConfigSynchronization
                0x00000000080031fc       0x54 ./Drivers/STM32F1xx_HAL_Driver/Src/stm32f1xx_hal_tim_ex.o
                0x00000000080031fc                HAL_TIMEx_MasterConfigSynchronization
 .text.HAL_TIMEx_ConfigBreakDeadTime
                0x0000000008003250       0x4c ./Drivers/STM32F1xx_HAL_Driver/Src/stm32f1xx_hal_tim_ex.o
                0x0000000008003250                HAL_TIMEx_ConfigBreakDeadTime
 .text.USB_CoreInit
                0x000000000800329c        0xe ./Drivers/STM32F1xx_HAL_Driver/Src/stm32f1xx_ll_usb.o
                0x000000000800329c                USB_CoreInit
 .text.USB_EnableGlobalInt
                0x00000000080032aa       0x12 ./Drivers/STM32F1xx_HAL_Driver/Src/stm32f1xx_ll_usb.o
                0x00000000080032aa                USB_EnableGlobalInt
 .text.USB_DisableGlobalInt
                0x00000000080032bc       0x14 ./Drivers/STM32F1xx_HAL_Driver/Src/stm32f1xx_ll_usb.o
                0x00000000080032bc                USB_DisableGlobalInt
 .text.USB_SetCurrentMode
                0x00000000080032d0        0x4 ./Drivers/STM32F1xx_HAL_Driver/Src/stm32f1xx_ll_usb.o
                0x00000000080032d0                USB_SetCurrentMode
 .text.USB_DevInit
                0x00000000080032d4       0x28 ./Drivers/STM32F1xx_HAL_Driver/Src/stm32f1xx_ll_usb.o
                0x00000000080032d4                USB_DevInit
 .text.USB_ActivateEndpoint
                0x00000000080032fc      0x2c4 ./Drivers/STM32F1xx_HAL_Driver/Src/stm32f1xx_ll_usb.o
                0x00000000080032fc                USB_ActivateEndpoint
 .text.USB_DeactivateEndpoint
                0x00000000080035c0      0x1a2 ./Drivers/STM32F1xx_HAL_Driver/Src/stm32f1xx_ll_usb.o
                0x00000000080035c0                USB_DeactivateEndpoint
 .text.USB_EPSetStall
                0x0000000008003762       0x40 ./Drivers/STM32F1xx_HAL_Driver/Src/stm32f1xx_ll_usb.o
                0x0000000008003762                USB_EPSetStall
 .text.USB_EPClearStall
                0x00000000080037a2       0x92 ./Drivers/STM32F1xx_HAL_Driver/Src/stm32f1xx_ll_usb.o
                0x00000000080037a2                USB_EPClearStall
 .text.USB_SetDevAddress
                0x0000000008003834        0xc ./Drivers/STM32F1xx_HAL_Driver/Src/stm32f1xx_ll_usb.o
                0x0000000008003834                USB_SetDevAddress
 .text.USB_DevConnect
                0x0000000008003840        0x4 ./Drivers/STM32F1xx_HAL_Driver/Src/stm32f1xx_ll_usb.o
                0x0000000008003840                USB_DevConnect
 .text.USB_DevDisconnect
                0x0000000008003844        0x4 ./Drivers/STM32F1xx_HAL_Driver/Src/stm32f1xx_ll_usb.o
                0x0000000008003844                USB_DevDisconnect
 .text.USB_ReadInterrupts
                0x0000000008003848        0x8 ./Drivers/STM32F1xx_HAL_Driver/Src/stm32f1xx_ll_usb.o
                0x0000000008003848                USB_ReadInterrupts
 .text.USB_EP0_OutStart
                0x0000000008003850        0x4 ./Drivers/STM32F1xx_HAL_Driver/Src/stm32f1xx_ll_usb.o
                0x0000000008003850                USB_EP0_OutStart
 .text.USB_WritePMA
                0x0000000008003854       0x20 ./Drivers/STM32F1xx_HAL_Driver/Src/stm32f1xx_ll_usb.o
                0x0000000008003854                USB_WritePMA
 .text.USB_EPStartXfer
                0x0000000008003874      0x470 ./Drivers/STM32F1xx_HAL_Driver/Src/stm32f1xx_ll_usb.o
                0x0000000008003874                USB_EPStartXfer
 .text.USB_ReadPMA
                0x0000000008003ce4       0x38 ./Drivers/STM32F1xx_HAL_Driver/Src/stm32f1xx_ll_usb.o
                0x0000000008003ce4                USB_ReadPMA
 .text.USBD_CUSTOM_HID_GetFSCfgDesc
                0x0000000008003d1c        0xc ./Middlewares/ST/STM32_USB_Device_Library/Class/CustomHID/Src/usbd_customhid.o
 .text.USBD_CUSTOM_HID_GetHSCfgDesc
                0x0000000008003d28        0xc ./Middlewares/ST/STM32_USB_Device_Library/Class/CustomHID/Src/usbd_customhid.o
 .text.USBD_CUSTOM_HID_GetOtherSpeedCfgDesc
                0x0000000008003d34        0xc ./Middlewares/ST/STM32_USB_Device_Library/Class/CustomHID/Src/usbd_customhid.o
 .text.USBD_CUSTOM_HID_DataIn
                0x0000000008003d40        0xa ./Middlewares/ST/STM32_USB_Device_Library/Class/CustomHID/Src/usbd_customhid.o
 .text.USBD_CUSTOM_HID_EP0_RxReady
                0x0000000008003d4a       0x20 ./Middlewares/ST/STM32_USB_Device_Library/Class/CustomHID/Src/usbd_customhid.o
 *fill*         0x0000000008003d6a        0x2 
 .text.USBD_CUSTOM_HID_GetDeviceQualifierDesc
                0x0000000008003d6c        0xc ./Middlewares/ST/STM32_USB_Device_Library/Class/CustomHID/Src/usbd_customhid.o
 .text.USBD_CUSTOM_HID_DataOut
                0x0000000008003d78       0x20 ./Middlewares/ST/STM32_USB_Device_Library/Class/CustomHID/Src/usbd_customhid.o
 .text.USBD_CUSTOM_HID_Setup
                0x0000000008003d98       0xec ./Middlewares/ST/STM32_USB_Device_Library/Class/CustomHID/Src/usbd_customhid.o
 .text.USBD_CUSTOM_HID_DeInit
                0x0000000008003e84       0x38 ./Middlewares/ST/STM32_USB_Device_Library/Class/CustomHID/Src/usbd_customhid.o
 .text.USBD_CUSTOM_HID_Init
                0x0000000008003ebc       0x50 ./Middlewares/ST/STM32_USB_Device_Library/Class/CustomHID/Src/usbd_customhid.o
 .text.USBD_CUSTOM_HID_SendReport
                0x0000000008003f0c       0x2c ./Middlewares/ST/STM32_USB_Device_Library/Class/CustomHID/Src/usbd_customhid.o
                0x0000000008003f0c                USBD_CUSTOM_HID_SendReport
 .text.USBD_CUSTOM_HID_RegisterInterface
                0x0000000008003f38        0xe ./Middlewares/ST/STM32_USB_Device_Library/Class/CustomHID/Src/usbd_customhid.o
                0x0000000008003f38                USBD_CUSTOM_HID_RegisterInterface
 .text.USBD_Init
                0x0000000008003f46       0x2a ./Middlewares/ST/STM32_USB_Device_Library/Core/Src/usbd_core.o
                0x0000000008003f46                USBD_Init
 .text.USBD_RegisterClass
                0x0000000008003f70        0xe ./Middlewares/ST/STM32_USB_Device_Library/Core/Src/usbd_core.o
                0x0000000008003f70                USBD_RegisterClass
 .text.USBD_Start
                0x0000000008003f7e        0xa ./Middlewares/ST/STM32_USB_Device_Library/Core/Src/usbd_core.o
                0x0000000008003f7e                USBD_Start
 .text.USBD_SetClassConfig
                0x0000000008003f88       0x16 ./Middlewares/ST/STM32_USB_Device_Library/Core/Src/usbd_core.o
                0x0000000008003f88                USBD_SetClassConfig
 .text.USBD_ClrClassConfig
                0x0000000008003f9e        0xe ./Middlewares/ST/STM32_USB_Device_Library/Core/Src/usbd_core.o
                0x0000000008003f9e                USBD_ClrClassConfig
 .text.USBD_LL_SetupStage
                0x0000000008003fac       0x5a ./Middlewares/ST/STM32_USB_Device_Library/Core/Src/usbd_core.o
                0x0000000008003fac                USBD_LL_SetupStage
 .text.USBD_LL_DataOutStage
                0x0000000008004006       0x74 ./Middlewares/ST/STM32_USB_Device_Library/Core/Src/usbd_core.o
                0x0000000008004006                USBD_LL_DataOutStage
 .text.USBD_LL_DataInStage
                0x000000000800407a       0xb6 ./Middlewares/ST/STM32_USB_Device_Library/Core/Src/usbd_core.o
                0x000000000800407a                USBD_LL_DataInStage
 .text.USBD_LL_Reset
                0x0000000008004130       0x4e ./Middlewares/ST/STM32_USB_Device_Library/Core/Src/usbd_core.o
                0x0000000008004130                USBD_LL_Reset
 .text.USBD_LL_SetSpeed
                0x000000000800417e        0x6 ./Middlewares/ST/STM32_USB_Device_Library/Core/Src/usbd_core.o
                0x000000000800417e                USBD_LL_SetSpeed
 .text.USBD_LL_Suspend
                0x0000000008004184       0x12 ./Middlewares/ST/STM32_USB_Device_Library/Core/Src/usbd_core.o
                0x0000000008004184                USBD_LL_Suspend
 .text.USBD_LL_Resume
                0x0000000008004196       0x14 ./Middlewares/ST/STM32_USB_Device_Library/Core/Src/usbd_core.o
                0x0000000008004196                USBD_LL_Resume
 .text.USBD_LL_SOF
                0x00000000080041aa       0x18 ./Middlewares/ST/STM32_USB_Device_Library/Core/Src/usbd_core.o
                0x00000000080041aa                USBD_LL_SOF
 .text.USBD_CtlError.constprop.0
                0x00000000080041c2       0x16 ./Middlewares/ST/STM32_USB_Device_Library/Core/Src/usbd_ctlreq.o
 .text.USBD_StdDevReq
                0x00000000080041d8      0x254 ./Middlewares/ST/STM32_USB_Device_Library/Core/Src/usbd_ctlreq.o
                0x00000000080041d8                USBD_StdDevReq
 .text.USBD_StdItfReq
                0x000000000800442c       0x48 ./Middlewares/ST/STM32_USB_Device_Library/Core/Src/usbd_ctlreq.o
                0x000000000800442c                USBD_StdItfReq
 .text.USBD_StdEPReq
                0x0000000008004474      0x114 ./Middlewares/ST/STM32_USB_Device_Library/Core/Src/usbd_ctlreq.o
                0x0000000008004474                USBD_StdEPReq
 .text.USBD_ParseSetupRequest
                0x0000000008004588       0x28 ./Middlewares/ST/STM32_USB_Device_Library/Core/Src/usbd_ctlreq.o
                0x0000000008004588                USBD_ParseSetupRequest
 .text.USBD_CtlError
                0x00000000080045b0       0x16 ./Middlewares/ST/STM32_USB_Device_Library/Core/Src/usbd_ctlreq.o
                0x00000000080045b0                USBD_CtlError
 .text.USBD_GetString
                0x00000000080045c6       0x38 ./Middlewares/ST/STM32_USB_Device_Library/Core/Src/usbd_ctlreq.o
                0x00000000080045c6                USBD_GetString
 .text.USBD_CtlSendData
                0x00000000080045fe       0x1a ./Middlewares/ST/STM32_USB_Device_Library/Core/Src/usbd_ioreq.o
                0x00000000080045fe                USBD_CtlSendData
 .text.USBD_CtlContinueSendData
                0x0000000008004618       0x10 ./Middlewares/ST/STM32_USB_Device_Library/Core/Src/usbd_ioreq.o
                0x0000000008004618                USBD_CtlContinueSendData
 .text.USBD_CtlPrepareRx
                0x0000000008004628       0x1a ./Middlewares/ST/STM32_USB_Device_Library/Core/Src/usbd_ioreq.o
                0x0000000008004628                USBD_CtlPrepareRx
 .text.USBD_CtlContinueRx
                0x0000000008004642       0x10 ./Middlewares/ST/STM32_USB_Device_Library/Core/Src/usbd_ioreq.o
                0x0000000008004642                USBD_CtlContinueRx
 .text.USBD_CtlSendStatus
                0x0000000008004652       0x16 ./Middlewares/ST/STM32_USB_Device_Library/Core/Src/usbd_ioreq.o
                0x0000000008004652                USBD_CtlSendStatus
 .text.USBD_CtlReceiveStatus
                0x0000000008004668       0x16 ./Middlewares/ST/STM32_USB_Device_Library/Core/Src/usbd_ioreq.o
                0x0000000008004668                USBD_CtlReceiveStatus
 *fill*         0x000000000800467e        0x2 
 .text.MX_USB_DEVICE_Init
                0x0000000008004680       0x50 ./USB_DEVICE/App/usb_device.o
                0x0000000008004680                MX_USB_DEVICE_Init
 .text.CUSTOM_HID_Init_FS
                0x00000000080046d0        0x4 ./USB_DEVICE/App/usbd_custom_hid_if.o
 .text.CUSTOM_HID_OutEvent_FS
                0x00000000080046d4        0x4 ./USB_DEVICE/App/usbd_custom_hid_if.o
 .text.CUSTOM_HID_DeInit_FS
                0x00000000080046d8        0x4 ./USB_DEVICE/App/usbd_custom_hid_if.o
 .text.USBD_FS_DeviceDescriptor
                0x00000000080046dc        0xc ./USB_DEVICE/App/usbd_desc.o
                0x00000000080046dc                USBD_FS_DeviceDescriptor
 .text.USBD_FS_LangIDStrDescriptor
                0x00000000080046e8        0xc ./USB_DEVICE/App/usbd_desc.o
                0x00000000080046e8                USBD_FS_LangIDStrDescriptor
 .text.IntToUnicode
                0x00000000080046f4       0x2a ./USB_DEVICE/App/usbd_desc.o
 *fill*         0x000000000800471e        0x2 
 .text.USBD_FS_SerialStrDescriptor
                0x0000000008004720       0x3c ./USB_DEVICE/App/usbd_desc.o
                0x0000000008004720                USBD_FS_SerialStrDescriptor
 .text.USBD_FS_ManufacturerStrDescriptor
                0x000000000800475c       0x1c ./USB_DEVICE/App/usbd_desc.o
                0x000000000800475c                USBD_FS_ManufacturerStrDescriptor
 .text.USBD_FS_ProductStrDescriptor
                0x0000000008004778       0x1c ./USB_DEVICE/App/usbd_desc.o
                0x0000000008004778                USBD_FS_ProductStrDescriptor
 .text.USBD_FS_ConfigStrDescriptor
                0x0000000008004794       0x1c ./USB_DEVICE/App/usbd_desc.o
                0x0000000008004794                USBD_FS_ConfigStrDescriptor
 .text.USBD_FS_InterfaceStrDescriptor
                0x00000000080047b0       0x1c ./USB_DEVICE/App/usbd_desc.o
                0x00000000080047b0                USBD_FS_InterfaceStrDescriptor
 .text.USBD_Get_USB_Status
                0x00000000080047cc       0x10 ./USB_DEVICE/Target/usbd_conf.o
 .text.HAL_PCD_MspInit
                0x00000000080047dc       0x40 ./USB_DEVICE/Target/usbd_conf.o
                0x00000000080047dc                HAL_PCD_MspInit
 .text.HAL_PCD_SetupStageCallback
                0x000000000800481c        0xc ./USB_DEVICE/Target/usbd_conf.o
                0x000000000800481c                HAL_PCD_SetupStageCallback
 .text.HAL_PCD_DataOutStageCallback
                0x0000000008004828       0x12 ./USB_DEVICE/Target/usbd_conf.o
                0x0000000008004828                HAL_PCD_DataOutStageCallback
 .text.HAL_PCD_DataInStageCallback
                0x000000000800483a       0x10 ./USB_DEVICE/Target/usbd_conf.o
                0x000000000800483a                HAL_PCD_DataInStageCallback
 .text.HAL_PCD_SOFCallback
                0x000000000800484a        0x8 ./USB_DEVICE/Target/usbd_conf.o
                0x000000000800484a                HAL_PCD_SOFCallback
 .text.HAL_PCD_ResetCallback
                0x0000000008004852       0x24 ./USB_DEVICE/Target/usbd_conf.o
                0x0000000008004852                HAL_PCD_ResetCallback
 *fill*         0x0000000008004876        0x2 
 .text.HAL_PCD_SuspendCallback
                0x0000000008004878       0x20 ./USB_DEVICE/Target/usbd_conf.o
                0x0000000008004878                HAL_PCD_SuspendCallback
 .text.HAL_PCD_ResumeCallback
                0x0000000008004898        0x8 ./USB_DEVICE/Target/usbd_conf.o
                0x0000000008004898                HAL_PCD_ResumeCallback
 .text.USBD_LL_Init
                0x00000000080048a0       0x70 ./USB_DEVICE/Target/usbd_conf.o
                0x00000000080048a0                USBD_LL_Init
 .text.USBD_LL_Start
                0x0000000008004910       0x12 ./USB_DEVICE/Target/usbd_conf.o
                0x0000000008004910                USBD_LL_Start
 .text.USBD_LL_OpenEP
                0x0000000008004922       0x18 ./USB_DEVICE/Target/usbd_conf.o
                0x0000000008004922                USBD_LL_OpenEP
 .text.USBD_LL_CloseEP
                0x000000000800493a       0x12 ./USB_DEVICE/Target/usbd_conf.o
                0x000000000800493a                USBD_LL_CloseEP
 .text.USBD_LL_StallEP
                0x000000000800494c       0x12 ./USB_DEVICE/Target/usbd_conf.o
                0x000000000800494c                USBD_LL_StallEP
 .text.USBD_LL_ClearStallEP
                0x000000000800495e       0x12 ./USB_DEVICE/Target/usbd_conf.o
                0x000000000800495e                USBD_LL_ClearStallEP
 .text.USBD_LL_IsStallEP
                0x0000000008004970       0x24 ./USB_DEVICE/Target/usbd_conf.o
                0x0000000008004970                USBD_LL_IsStallEP
 .text.USBD_LL_SetUSBAddress
                0x0000000008004994       0x12 ./USB_DEVICE/Target/usbd_conf.o
                0x0000000008004994                USBD_LL_SetUSBAddress
 .text.USBD_LL_Transmit
                0x00000000080049a6       0x12 ./USB_DEVICE/Target/usbd_conf.o
                0x00000000080049a6                USBD_LL_Transmit
 .text.USBD_LL_PrepareReceive
                0x00000000080049b8       0x12 ./USB_DEVICE/Target/usbd_conf.o
                0x00000000080049b8                USBD_LL_PrepareReceive
 *fill*         0x00000000080049ca        0x2 
 .text.USBD_static_malloc
                0x00000000080049cc        0x8 ./USB_DEVICE/Target/usbd_conf.o
                0x00000000080049cc                USBD_static_malloc
 .text.USBD_static_free
                0x00000000080049d4        0x2 ./USB_DEVICE/Target/usbd_conf.o
                0x00000000080049d4                USBD_static_free
 .text.HAL_PCDEx_SetConnectionState
                0x00000000080049d6        0x2 ./USB_DEVICE/Target/usbd_conf.o
                0x00000000080049d6                HAL_PCDEx_SetConnectionState
 .text.__errno  0x00000000080049d8        0xc d:/programming/tools/stm32cubeide_1.12.1/stm32cubeide/plugins/com.st.stm32cube.ide.mcu.externaltools.gnu-tools-for-stm32.10.3-2021.10.win32_1.0.200.202301161003/tools/bin/../lib/gcc/arm-none-eabi/10.3.1/../../../../arm-none-eabi/lib/thumb/v7-m/nofp\libc_nano.a(lib_a-errno.o)
                0x00000000080049d8                __errno
 .text.__libc_init_array
                0x00000000080049e4       0x48 d:/programming/tools/stm32cubeide_1.12.1/stm32cubeide/plugins/com.st.stm32cube.ide.mcu.externaltools.gnu-tools-for-stm32.10.3-2021.10.win32_1.0.200.202301161003/tools/bin/../lib/gcc/arm-none-eabi/10.3.1/../../../../arm-none-eabi/lib/thumb/v7-m/nofp\libc_nano.a(lib_a-init.o)
                0x00000000080049e4                __libc_init_array
 .text.malloc   0x0000000008004a2c       0x10 d:/programming/tools/stm32cubeide_1.12.1/stm32cubeide/plugins/com.st.stm32cube.ide.mcu.externaltools.gnu-tools-for-stm32.10.3-2021.10.win32_1.0.200.202301161003/tools/bin/../lib/gcc/arm-none-eabi/10.3.1/../../../../arm-none-eabi/lib/thumb/v7-m/nofp\libc_nano.a(lib_a-malloc.o)
                0x0000000008004a2c                malloc
 .text.memcmp   0x0000000008004a3c       0x20 d:/programming/tools/stm32cubeide_1.12.1/stm32cubeide/plugins/com.st.stm32cube.ide.mcu.externaltools.gnu-tools-for-stm32.10.3-2021.10.win32_1.0.200.202301161003/tools/bin/../lib/gcc/arm-none-eabi/10.3.1/../../../../arm-none-eabi/lib/thumb/v7-m/nofp\libc_nano.a(lib_a-memcmp.o)
                0x0000000008004a3c                memcmp
 .text.memcpy   0x0000000008004a5c       0x1c d:/programming/tools/stm32cubeide_1.12.1/stm32cubeide/plugins/com.st.stm32cube.ide.mcu.externaltools.gnu-tools-for-stm32.10.3-2021.10.win32_1.0.200.202301161003/tools/bin/../lib/gcc/arm-none-eabi/10.3.1/../../../../arm-none-eabi/lib/thumb/v7-m/nofp\libc_nano.a(lib_a-memcpy-stub.o)
                0x0000000008004a5c                memcpy
 .text.memset   0x0000000008004a78       0x10 d:/programming/tools/stm32cubeide_1.12.1/stm32cubeide/plugins/com.st.stm32cube.ide.mcu.externaltools.gnu-tools-for-stm32.10.3-2021.10.win32_1.0.200.202301161003/tools/bin/../lib/gcc/arm-none-eabi/10.3.1/../../../../arm-none-eabi/lib/thumb/v7-m/nofp\libc_nano.a(lib_a-memset.o)
                0x0000000008004a78                memset
 .text.sbrk_aligned
                0x0000000008004a88       0x40 d:/programming/tools/stm32cubeide_1.12.1/stm32cubeide/plugins/com.st.stm32cube.ide.mcu.externaltools.gnu-tools-for-stm32.10.3-2021.10.win32_1.0.200.202301161003/tools/bin/../lib/gcc/arm-none-eabi/10.3.1/../../../../arm-none-eabi/lib/thumb/v7-m/nofp\libc_nano.a(lib_a-nano-mallocr.o)
 .text._malloc_r
                0x0000000008004ac8       0xe8 d:/programming/tools/stm32cubeide_1.12.1/stm32cubeide/plugins/com.st.stm32cube.ide.mcu.externaltools.gnu-tools-for-stm32.10.3-2021.10.win32_1.0.200.202301161003/tools/bin/../lib/gcc/arm-none-eabi/10.3.1/../../../../arm-none-eabi/lib/thumb/v7-m/nofp\libc_nano.a(lib_a-nano-mallocr.o)
                0x0000000008004ac8                _malloc_r
 .text._sbrk_r  0x0000000008004bb0       0x20 d:/programming/tools/stm32cubeide_1.12.1/stm32cubeide/plugins/com.st.stm32cube.ide.mcu.externaltools.gnu-tools-for-stm32.10.3-2021.10.win32_1.0.200.202301161003/tools/bin/../lib/gcc/arm-none-eabi/10.3.1/../../../../arm-none-eabi/lib/thumb/v7-m/nofp\libc_nano.a(lib_a-sbrkr.o)
                0x0000000008004bb0                _sbrk_r
 .text.__malloc_lock
                0x0000000008004bd0        0xc d:/programming/tools/stm32cubeide_1.12.1/stm32cubeide/plugins/com.st.stm32cube.ide.mcu.externaltools.gnu-tools-for-stm32.10.3-2021.10.win32_1.0.200.202301161003/tools/bin/../lib/gcc/arm-none-eabi/10.3.1/../../../../arm-none-eabi/lib/thumb/v7-m/nofp\libc_nano.a(lib_a-mlock.o)
                0x0000000008004bd0                __malloc_lock
 .text.__malloc_unlock
                0x0000000008004bdc        0xc d:/programming/tools/stm32cubeide_1.12.1/stm32cubeide/plugins/com.st.stm32cube.ide.mcu.externaltools.gnu-tools-for-stm32.10.3-2021.10.win32_1.0.200.202301161003/tools/bin/../lib/gcc/arm-none-eabi/10.3.1/../../../../arm-none-eabi/lib/thumb/v7-m/nofp\libc_nano.a(lib_a-mlock.o)
                0x0000000008004bdc                __malloc_unlock
 .text.__retarget_lock_acquire_recursive
                0x0000000008004be8        0x2 d:/programming/tools/stm32cubeide_1.12.1/stm32cubeide/plugins/com.st.stm32cube.ide.mcu.externaltools.gnu-tools-for-stm32.10.3-2021.10.win32_1.0.200.202301161003/tools/bin/../lib/gcc/arm-none-eabi/10.3.1/../../../../arm-none-eabi/lib/thumb/v7-m/nofp\libc_nano.a(lib_a-lock.o)
                0x0000000008004be8                __retarget_lock_acquire_recursive
 .text.__retarget_lock_release_recursive
                0x0000000008004bea        0x2 d:/programming/tools/stm32cubeide_1.12.1/stm32cubeide/plugins/com.st.stm32cube.ide.mcu.externaltools.gnu-tools-for-stm32.10.3-2021.10.win32_1.0.200.202301161003/tools/bin/../lib/gcc/arm-none-eabi/10.3.1/../../../../arm-none-eabi/lib/thumb/v7-m/nofp\libc_nano.a(lib_a-lock.o)
                0x0000000008004bea                __retarget_lock_release_recursive
 *(.glue_7)
 .glue_7        0x0000000008004bec        0x0 linker stubs
 *(.glue_7t)
 .glue_7t       0x0000000008004bec        0x0 linker stubs
 *(.eh_frame)
 .eh_frame      0x0000000008004bec        0x0 d:/programming/tools/stm32cubeide_1.12.1/stm32cubeide/plugins/com.st.stm32cube.ide.mcu.externaltools.gnu-tools-for-stm32.10.3-2021.10.win32_1.0.200.202301161003/tools/bin/../lib/gcc/arm-none-eabi/10.3.1/thumb/v7-m/nofp/crtbegin.o
 *(.init)
 .init          0x0000000008004bec        0x4 d:/programming/tools/stm32cubeide_1.12.1/stm32cubeide/plugins/com.st.stm32cube.ide.mcu.externaltools.gnu-tools-for-stm32.10.3-2021.10.win32_1.0.200.202301161003/tools/bin/../lib/gcc/arm-none-eabi/10.3.1/thumb/v7-m/nofp/crti.o
                0x0000000008004bec                _init
 .init          0x0000000008004bf0        0x8 d:/programming/tools/stm32cubeide_1.12.1/stm32cubeide/plugins/com.st.stm32cube.ide.mcu.externaltools.gnu-tools-for-stm32.10.3-2021.10.win32_1.0.200.202301161003/tools/bin/../lib/gcc/arm-none-eabi/10.3.1/thumb/v7-m/nofp/crtn.o
 *(.fini)
 .fini          0x0000000008004bf8        0x4 d:/programming/tools/stm32cubeide_1.12.1/stm32cubeide/plugins/com.st.stm32cube.ide.mcu.externaltools.gnu-tools-for-stm32.10.3-2021.10.win32_1.0.200.202301161003/tools/bin/../lib/gcc/arm-none-eabi/10.3.1/thumb/v7-m/nofp/crti.o
                0x0000000008004bf8                _fini
 .fini          0x0000000008004bfc        0x8 d:/programming/tools/stm32cubeide_1.12.1/stm32cubeide/plugins/com.st.stm32cube.ide.mcu.externaltools.gnu-tools-for-stm32.10.3-2021.10.win32_1.0.200.202301161003/tools/bin/../lib/gcc/arm-none-eabi/10.3.1/thumb/v7-m/nofp/crtn.o
                0x0000000008004c04                . = ALIGN (0x4)
                0x0000000008004c04                _etext = .

.vfp11_veneer   0x0000000008004c04        0x0
 .vfp11_veneer  0x0000000008004c04        0x0 linker stubs

.v4_bx          0x0000000008004c04        0x0
 .v4_bx         0x0000000008004c04        0x0 linker stubs

.iplt           0x0000000008004c04        0x0
 .iplt          0x0000000008004c04        0x0 d:/programming/tools/stm32cubeide_1.12.1/stm32cubeide/plugins/com.st.stm32cube.ide.mcu.externaltools.gnu-tools-for-stm32.10.3-2021.10.win32_1.0.200.202301161003/tools/bin/../lib/gcc/arm-none-eabi/10.3.1/thumb/v7-m/nofp/crtbegin.o

.rodata         0x0000000008004c04       0x5c
                0x0000000008004c04                . = ALIGN (0x4)
 *(.rodata)
 *(.rodata*)
 .rodata.ZeroOneMapping
                0x0000000008004c04        0x2 ./Core/Src/Leds.o
                0x0000000008004c04                ZeroOneMapping
 .rodata.AHBPrescTable
                0x0000000008004c06       0x10 ./Core/Src/system_stm32f1xx.o
                0x0000000008004c06                AHBPrescTable
 .rodata.aPLLMULFactorTable.1
                0x0000000008004c16       0x10 ./Drivers/STM32F1xx_HAL_Driver/Src/stm32f1xx_hal_rcc.o
 .rodata.aPredivFactorTable.0
                0x0000000008004c26        0x2 ./Drivers/STM32F1xx_HAL_Driver/Src/stm32f1xx_hal_rcc.o
 .rodata.USBD_FS_ManufacturerStrDescriptor.str1.1
                0x0000000008004c28       0x12 ./USB_DEVICE/App/usbd_desc.o
 .rodata.USBD_FS_ProductStrDescriptor.str1.1
                0x0000000008004c3a        0xf ./USB_DEVICE/App/usbd_desc.o
 .rodata.USBD_FS_ConfigStrDescriptor.str1.1
                0x0000000008004c49        0x9 ./USB_DEVICE/App/usbd_desc.o
 .rodata.USBD_FS_InterfaceStrDescriptor.str1.1
                0x0000000008004c52        0x9 ./USB_DEVICE/App/usbd_desc.o
 .rodata.CSWTCH.3
                0x0000000008004c5b        0x4 ./USB_DEVICE/Target/usbd_conf.o
                0x0000000008004c60                . = ALIGN (0x4)
 *fill*         0x0000000008004c5f        0x1 

.rel.dyn        0x0000000008004c60        0x0
 .rel.iplt      0x0000000008004c60        0x0 d:/programming/tools/stm32cubeide_1.12.1/stm32cubeide/plugins/com.st.stm32cube.ide.mcu.externaltools.gnu-tools-for-stm32.10.3-2021.10.win32_1.0.200.202301161003/tools/bin/../lib/gcc/arm-none-eabi/10.3.1/thumb/v7-m/nofp/crtbegin.o

.ARM.extab      0x0000000008004c60        0x0
                0x0000000008004c60                . = ALIGN (0x4)
 *(.ARM.extab* .gnu.linkonce.armextab.*)
                0x0000000008004c60                . = ALIGN (0x4)

.ARM            0x0000000008004c60        0x0
                0x0000000008004c60                . = ALIGN (0x4)
                0x0000000008004c60                __exidx_start = .
 *(.ARM.exidx*)
                0x0000000008004c60                __exidx_end = .
                0x0000000008004c60                . = ALIGN (0x4)

.preinit_array  0x0000000008004c60        0x0
                0x0000000008004c60                . = ALIGN (0x4)
                0x0000000008004c60                PROVIDE (__preinit_array_start = .)
 *(.preinit_array*)
                0x0000000008004c60                PROVIDE (__preinit_array_end = .)
                0x0000000008004c60                . = ALIGN (0x4)

.init_array     0x0000000008004c60        0x4
                0x0000000008004c60                . = ALIGN (0x4)
                0x0000000008004c60                PROVIDE (__init_array_start = .)
 *(SORT_BY_NAME(.init_array.*))
 *(.init_array*)
 .init_array    0x0000000008004c60        0x4 d:/programming/tools/stm32cubeide_1.12.1/stm32cubeide/plugins/com.st.stm32cube.ide.mcu.externaltools.gnu-tools-for-stm32.10.3-2021.10.win32_1.0.200.202301161003/tools/bin/../lib/gcc/arm-none-eabi/10.3.1/thumb/v7-m/nofp/crtbegin.o
                0x0000000008004c64                PROVIDE (__init_array_end = .)
                0x0000000008004c64                . = ALIGN (0x4)

.fini_array     0x0000000008004c64        0x4
                0x0000000008004c64                . = ALIGN (0x4)
                [!provide]                        PROVIDE (__fini_array_start = .)
 *(SORT_BY_NAME(.fini_array.*))
 *(.fini_array*)
 .fini_array    0x0000000008004c64        0x4 d:/programming/tools/stm32cubeide_1.12.1/stm32cubeide/plugins/com.st.stm32cube.ide.mcu.externaltools.gnu-tools-for-stm32.10.3-2021.10.win32_1.0.200.202301161003/tools/bin/../lib/gcc/arm-none-eabi/10.3.1/thumb/v7-m/nofp/crtbegin.o
                [!provide]                        PROVIDE (__fini_array_end = .)
                0x0000000008004c68                . = ALIGN (0x4)
                0x0000000008004c68                _sidata = LOADADDR (.data)

.data           0x0000000020000000      0x1c4 load address 0x0000000008004c68
                0x0000000020000000                . = ALIGN (0x4)
                0x0000000020000000                _sdata = .
 *(.data)
 *(.data*)
 .data.SystemCoreClock
                0x0000000020000000        0x4 ./Core/Src/system_stm32f1xx.o
                0x0000000020000000                SystemCoreClock
 .data.uwTickFreq
                0x0000000020000004        0x1 ./Drivers/STM32F1xx_HAL_Driver/Src/stm32f1xx_hal.o
                0x0000000020000004                uwTickFreq
 *fill*         0x0000000020000005        0x3 
 .data.uwTickPrio
                0x0000000020000008        0x4 ./Drivers/STM32F1xx_HAL_Driver/Src/stm32f1xx_hal.o
                0x0000000020000008                uwTickPrio
 .data.USBD_CUSTOM_HID
                0x000000002000000c       0x38 ./Middlewares/ST/STM32_USB_Device_Library/Class/CustomHID/Src/usbd_customhid.o
                0x000000002000000c                USBD_CUSTOM_HID
 .data.USBD_CUSTOM_HID_CfgFSDesc
                0x0000000020000044       0x29 ./Middlewares/ST/STM32_USB_Device_Library/Class/CustomHID/Src/usbd_customhid.o
 *fill*         0x000000002000006d        0x3 
 .data.USBD_CUSTOM_HID_CfgHSDesc
                0x0000000020000070       0x29 ./Middlewares/ST/STM32_USB_Device_Library/Class/CustomHID/Src/usbd_customhid.o
 *fill*         0x0000000020000099        0x3 
 .data.USBD_CUSTOM_HID_Desc
                0x000000002000009c        0x9 ./Middlewares/ST/STM32_USB_Device_Library/Class/CustomHID/Src/usbd_customhid.o
 *fill*         0x00000000200000a5        0x3 
 .data.USBD_CUSTOM_HID_DeviceQualifierDesc
                0x00000000200000a8        0xa ./Middlewares/ST/STM32_USB_Device_Library/Class/CustomHID/Src/usbd_customhid.o
 *fill*         0x00000000200000b2        0x2 
 .data.USBD_CUSTOM_HID_OtherSpeedCfgDesc
                0x00000000200000b4       0x29 ./Middlewares/ST/STM32_USB_Device_Library/Class/CustomHID/Src/usbd_customhid.o
 *fill*         0x00000000200000dd        0x3 
 .data.CUSTOM_HID_ReportDesc_FS
                0x00000000200000e0       0x20 ./USB_DEVICE/App/usbd_custom_hid_if.o
 .data.USBD_CustomHID_fops_FS
                0x0000000020000100       0x10 ./USB_DEVICE/App/usbd_custom_hid_if.o
                0x0000000020000100                USBD_CustomHID_fops_FS
 .data.FS_Desc  0x0000000020000110       0x1c ./USB_DEVICE/App/usbd_desc.o
                0x0000000020000110                FS_Desc
 .data.USBD_FS_DeviceDesc
                0x000000002000012c       0x12 ./USB_DEVICE/App/usbd_desc.o
                0x000000002000012c                USBD_FS_DeviceDesc
 *fill*         0x000000002000013e        0x2 
 .data.USBD_LangIDDesc
                0x0000000020000140        0x4 ./USB_DEVICE/App/usbd_desc.o
                0x0000000020000140                USBD_LangIDDesc
 .data.USBD_StringSerial
                0x0000000020000144       0x1a ./USB_DEVICE/App/usbd_desc.o
                0x0000000020000144                USBD_StringSerial
 *fill*         0x000000002000015e        0x2 
 .data._impure_ptr
                0x0000000020000160        0x4 d:/programming/tools/stm32cubeide_1.12.1/stm32cubeide/plugins/com.st.stm32cube.ide.mcu.externaltools.gnu-tools-for-stm32.10.3-2021.10.win32_1.0.200.202301161003/tools/bin/../lib/gcc/arm-none-eabi/10.3.1/../../../../arm-none-eabi/lib/thumb/v7-m/nofp\libc_nano.a(lib_a-impure.o)
                0x0000000020000160                _impure_ptr
 .data.impure_data
                0x0000000020000164       0x60 d:/programming/tools/stm32cubeide_1.12.1/stm32cubeide/plugins/com.st.stm32cube.ide.mcu.externaltools.gnu-tools-for-stm32.10.3-2021.10.win32_1.0.200.202301161003/tools/bin/../lib/gcc/arm-none-eabi/10.3.1/../../../../arm-none-eabi/lib/thumb/v7-m/nofp\libc_nano.a(lib_a-impure.o)
 *(.RamFunc)
 *(.RamFunc*)
                0x00000000200001c4                . = ALIGN (0x4)
                0x00000000200001c4                _edata = .

.igot.plt       0x00000000200001c4        0x0 load address 0x0000000008004e2c
 .igot.plt      0x00000000200001c4        0x0 d:/programming/tools/stm32cubeide_1.12.1/stm32cubeide/plugins/com.st.stm32cube.ide.mcu.externaltools.gnu-tools-for-stm32.10.3-2021.10.win32_1.0.200.202301161003/tools/bin/../lib/gcc/arm-none-eabi/10.3.1/thumb/v7-m/nofp/crtbegin.o
                0x00000000200001c4                . = ALIGN (0x4)

.bss            0x00000000200001c4      0xc8c load address 0x0000000008004e2c
                0x00000000200001c4                _sbss = .
                0x00000000200001c4                __bss_start__ = _sbss
 *(.bss)
 .bss           0x00000000200001c4       0x1c d:/programming/tools/stm32cubeide_1.12.1/stm32cubeide/plugins/com.st.stm32cube.ide.mcu.externaltools.gnu-tools-for-stm32.10.3-2021.10.win32_1.0.200.202301161003/tools/bin/../lib/gcc/arm-none-eabi/10.3.1/thumb/v7-m/nofp/crtbegin.o
 *(.bss*)
 .bss.LedConfigs
                0x00000000200001e0        0x4 ./Core/Src/Leds.o
                0x00000000200001e0                LedConfigs
 .bss.LedConfigsShadow
                0x00000000200001e4        0x4 ./Core/Src/Leds.o
                0x00000000200001e4                LedConfigsShadow
 .bss.NumberOfLedConfigs
                0x00000000200001e8        0x1 ./Core/Src/Leds.o
                0x00000000200001e8                NumberOfLedConfigs
 .bss.StopDmaCh1
                0x00000000200001e9        0x1 ./Core/Src/main.o
                0x00000000200001e9                StopDmaCh1
 .bss.StopDmaCh2
                0x00000000200001ea        0x1 ./Core/Src/main.o
                0x00000000200001ea                StopDmaCh2
 *fill*         0x00000000200001eb        0x1 
 .bss.gAdcBuffer
                0x00000000200001ec        0x8 ./Core/Src/main.o
                0x00000000200001ec                gAdcBuffer
 .bss.gAdcLastClick
                0x00000000200001f4       0x10 ./Core/Src/main.o
                0x00000000200001f4                gAdcLastClick
 .bss.gAdcMinimalValues
                0x0000000020000204        0x8 ./Core/Src/main.o
                0x0000000020000204                gAdcMinimalValues
 .bss.gAdcToChannelMapping
                0x000000002000020c        0x4 ./Core/Src/main.o
                0x000000002000020c                gAdcToChannelMapping
 .bss.gAdcToSectionMapping
                0x0000000020000210        0x4 ./Core/Src/main.o
                0x0000000020000210                gAdcToSectionMapping
 .bss.gButtonState
                0x0000000020000214        0x1 ./Core/Src/main.o
                0x0000000020000214                gButtonState
 *fill*         0x0000000020000215        0x1 
 .bss.gLedCh1Buffer
                0x0000000020000216      0x180 ./Core/Src/main.o
                0x0000000020000216                gLedCh1Buffer
 .bss.gLedCh1BufferIndex
                0x0000000020000396        0x1 ./Core/Src/main.o
                0x0000000020000396                gLedCh1BufferIndex
 .bss.gLedCh1LedIndex
                0x0000000020000397        0x1 ./Core/Src/main.o
                0x0000000020000397                gLedCh1LedIndex
 .bss.gLedCh1SectionIndex
                0x0000000020000398        0x1 ./Core/Src/main.o
                0x0000000020000398                gLedCh1SectionIndex
 *fill*         0x0000000020000399        0x1 
 .bss.gLedCh2Buffer
                0x000000002000039a      0x180 ./Core/Src/main.o
                0x000000002000039a                gLedCh2Buffer
 .bss.gLedCh2BufferIndex
                0x000000002000051a        0x1 ./Core/Src/main.o
                0x000000002000051a                gLedCh2BufferIndex
 .bss.gLedCh2LedIndex
                0x000000002000051b        0x1 ./Core/Src/main.o
                0x000000002000051b                gLedCh2LedIndex
 .bss.gLedCh2SectionIndex
                0x000000002000051c        0x1 ./Core/Src/main.o
                0x000000002000051c                gLedCh2SectionIndex
 *fill*         0x000000002000051d        0x3 
 .bss.hadc1     0x0000000020000520       0x30 ./Core/Src/main.o
                0x0000000020000520                hadc1
 .bss.hdma_adc1
                0x0000000020000550       0x44 ./Core/Src/main.o
                0x0000000020000550                hdma_adc1
 .bss.hdma_tim1_ch1
                0x0000000020000594       0x44 ./Core/Src/main.o
                0x0000000020000594                hdma_tim1_ch1
 .bss.hdma_tim1_ch2
                0x00000000200005d8       0x44 ./Core/Src/main.o
                0x00000000200005d8                hdma_tim1_ch2
 .bss.htim1     0x000000002000061c       0x48 ./Core/Src/main.o
                0x000000002000061c                htim1
 .bss.__sbrk_heap_end
                0x0000000020000664        0x4 ./Core/Src/sysmem.o
 .bss.uwTick    0x0000000020000668        0x4 ./Drivers/STM32F1xx_HAL_Driver/Src/stm32f1xx_hal.o
                0x0000000020000668                uwTick
 .bss.cfgidx.0  0x000000002000066c        0x1 ./Middlewares/ST/STM32_USB_Device_Library/Core/Src/usbd_ctlreq.o
 *fill*         0x000000002000066d        0x3 
 .bss.hUsbDeviceFS
                0x0000000020000670      0x2c4 ./USB_DEVICE/App/usb_device.o
                0x0000000020000670                hUsbDeviceFS
 .bss.USBD_StrDesc
                0x0000000020000934      0x200 ./USB_DEVICE/App/usbd_desc.o
                0x0000000020000934                USBD_StrDesc
 .bss.hpcd_USB_FS
                0x0000000020000b34      0x2f0 ./USB_DEVICE/Target/usbd_conf.o
                0x0000000020000b34                hpcd_USB_FS
 .bss.mem.0     0x0000000020000e24       0x1c ./USB_DEVICE/Target/usbd_conf.o
 .bss.__malloc_free_list
                0x0000000020000e40        0x4 d:/programming/tools/stm32cubeide_1.12.1/stm32cubeide/plugins/com.st.stm32cube.ide.mcu.externaltools.gnu-tools-for-stm32.10.3-2021.10.win32_1.0.200.202301161003/tools/bin/../lib/gcc/arm-none-eabi/10.3.1/../../../../arm-none-eabi/lib/thumb/v7-m/nofp\libc_nano.a(lib_a-nano-mallocr.o)
                0x0000000020000e40                __malloc_free_list
 .bss.__malloc_sbrk_start
                0x0000000020000e44        0x4 d:/programming/tools/stm32cubeide_1.12.1/stm32cubeide/plugins/com.st.stm32cube.ide.mcu.externaltools.gnu-tools-for-stm32.10.3-2021.10.win32_1.0.200.202301161003/tools/bin/../lib/gcc/arm-none-eabi/10.3.1/../../../../arm-none-eabi/lib/thumb/v7-m/nofp\libc_nano.a(lib_a-nano-mallocr.o)
                0x0000000020000e44                __malloc_sbrk_start
 .bss.errno     0x0000000020000e48        0x4 d:/programming/tools/stm32cubeide_1.12.1/stm32cubeide/plugins/com.st.stm32cube.ide.mcu.externaltools.gnu-tools-for-stm32.10.3-2021.10.win32_1.0.200.202301161003/tools/bin/../lib/gcc/arm-none-eabi/10.3.1/../../../../arm-none-eabi/lib/thumb/v7-m/nofp\libc_nano.a(lib_a-reent.o)
                0x0000000020000e48                errno
 .bss.__lock___malloc_recursive_mutex
                0x0000000020000e4c        0x1 d:/programming/tools/stm32cubeide_1.12.1/stm32cubeide/plugins/com.st.stm32cube.ide.mcu.externaltools.gnu-tools-for-stm32.10.3-2021.10.win32_1.0.200.202301161003/tools/bin/../lib/gcc/arm-none-eabi/10.3.1/../../../../arm-none-eabi/lib/thumb/v7-m/nofp\libc_nano.a(lib_a-lock.o)
                0x0000000020000e4c                __lock___malloc_recursive_mutex
 *(COMMON)
                0x0000000020000e50                . = ALIGN (0x4)
 *fill*         0x0000000020000e4d        0x3 
                0x0000000020000e50                _ebss = .
                0x0000000020000e50                __bss_end__ = _ebss

._user_heap_stack
                0x0000000020000e50      0x600 load address 0x0000000008004e2c
                0x0000000020000e50                . = ALIGN (0x8)
                [!provide]                        PROVIDE (end = .)
                0x0000000020000e50                PROVIDE (_end = .)
                0x0000000020001050                . = (. + _Min_Heap_Size)
 *fill*         0x0000000020000e50      0x200 
                0x0000000020001450                . = (. + _Min_Stack_Size)
 *fill*         0x0000000020001050      0x400 
                0x0000000020001450                . = ALIGN (0x8)

/DISCARD/
 libc.a(*)
 libm.a(*)
 libgcc.a(*)

.ARM.attributes
                0x0000000000000000       0x29
 *(.ARM.attributes)
 .ARM.attributes
                0x0000000000000000       0x1d d:/programming/tools/stm32cubeide_1.12.1/stm32cubeide/plugins/com.st.stm32cube.ide.mcu.externaltools.gnu-tools-for-stm32.10.3-2021.10.win32_1.0.200.202301161003/tools/bin/../lib/gcc/arm-none-eabi/10.3.1/thumb/v7-m/nofp/crti.o
 .ARM.attributes
                0x000000000000001d       0x2d d:/programming/tools/stm32cubeide_1.12.1/stm32cubeide/plugins/com.st.stm32cube.ide.mcu.externaltools.gnu-tools-for-stm32.10.3-2021.10.win32_1.0.200.202301161003/tools/bin/../lib/gcc/arm-none-eabi/10.3.1/thumb/v7-m/nofp/crtbegin.o
 .ARM.attributes
                0x000000000000004a       0x2d ./Core/Src/Leds.o
 .ARM.attributes
                0x0000000000000077       0x2d ./Core/Src/main.o
 .ARM.attributes
                0x00000000000000a4       0x2d ./Core/Src/stm32f1xx_hal_msp.o
 .ARM.attributes
                0x00000000000000d1       0x2d ./Core/Src/stm32f1xx_it.o
 .ARM.attributes
                0x00000000000000fe       0x2d ./Core/Src/sysmem.o
 .ARM.attributes
                0x000000000000012b       0x2d ./Core/Src/system_stm32f1xx.o
 .ARM.attributes
                0x0000000000000158       0x21 ./Core/Startup/startup_stm32f103c6tx.o
 .ARM.attributes
                0x0000000000000179       0x2d ./Drivers/STM32F1xx_HAL_Driver/Src/stm32f1xx_hal.o
 .ARM.attributes
                0x00000000000001a6       0x2d ./Drivers/STM32F1xx_HAL_Driver/Src/stm32f1xx_hal_adc.o
 .ARM.attributes
                0x00000000000001d3       0x2d ./Drivers/STM32F1xx_HAL_Driver/Src/stm32f1xx_hal_adc_ex.o
 .ARM.attributes
                0x0000000000000200       0x2d ./Drivers/STM32F1xx_HAL_Driver/Src/stm32f1xx_hal_cortex.o
 .ARM.attributes
                0x000000000000022d       0x2d ./Drivers/STM32F1xx_HAL_Driver/Src/stm32f1xx_hal_dma.o
 .ARM.attributes
                0x000000000000025a       0x2d ./Drivers/STM32F1xx_HAL_Driver/Src/stm32f1xx_hal_gpio.o
 .ARM.attributes
                0x0000000000000287       0x2d ./Drivers/STM32F1xx_HAL_Driver/Src/stm32f1xx_hal_pcd.o
 .ARM.attributes
                0x00000000000002b4       0x2d ./Drivers/STM32F1xx_HAL_Driver/Src/stm32f1xx_hal_pcd_ex.o
 .ARM.attributes
                0x00000000000002e1       0x2d ./Drivers/STM32F1xx_HAL_Driver/Src/stm32f1xx_hal_rcc.o
 .ARM.attributes
                0x000000000000030e       0x2d ./Drivers/STM32F1xx_HAL_Driver/Src/stm32f1xx_hal_rcc_ex.o
 .ARM.attributes
                0x000000000000033b       0x2d ./Drivers/STM32F1xx_HAL_Driver/Src/stm32f1xx_hal_tim.o
 .ARM.attributes
                0x0000000000000368       0x2d ./Drivers/STM32F1xx_HAL_Driver/Src/stm32f1xx_hal_tim_ex.o
 .ARM.attributes
                0x0000000000000395       0x2d ./Drivers/STM32F1xx_HAL_Driver/Src/stm32f1xx_ll_usb.o
 .ARM.attributes
                0x00000000000003c2       0x2d ./Middlewares/ST/STM32_USB_Device_Library/Class/CustomHID/Src/usbd_customhid.o
 .ARM.attributes
                0x00000000000003ef       0x2d ./Middlewares/ST/STM32_USB_Device_Library/Core/Src/usbd_core.o
 .ARM.attributes
                0x000000000000041c       0x2d ./Middlewares/ST/STM32_USB_Device_Library/Core/Src/usbd_ctlreq.o
 .ARM.attributes
                0x0000000000000449       0x2d ./Middlewares/ST/STM32_USB_Device_Library/Core/Src/usbd_ioreq.o
 .ARM.attributes
                0x0000000000000476       0x2d ./USB_DEVICE/App/usb_device.o
 .ARM.attributes
                0x00000000000004a3       0x2d ./USB_DEVICE/App/usbd_custom_hid_if.o
 .ARM.attributes
                0x00000000000004d0       0x2d ./USB_DEVICE/App/usbd_desc.o
 .ARM.attributes
                0x00000000000004fd       0x2d ./USB_DEVICE/Target/usbd_conf.o
 .ARM.attributes
                0x000000000000052a       0x2d d:/programming/tools/stm32cubeide_1.12.1/stm32cubeide/plugins/com.st.stm32cube.ide.mcu.externaltools.gnu-tools-for-stm32.10.3-2021.10.win32_1.0.200.202301161003/tools/bin/../lib/gcc/arm-none-eabi/10.3.1/../../../../arm-none-eabi/lib/thumb/v7-m/nofp\libc_nano.a(lib_a-errno.o)
 .ARM.attributes
                0x0000000000000557       0x2d d:/programming/tools/stm32cubeide_1.12.1/stm32cubeide/plugins/com.st.stm32cube.ide.mcu.externaltools.gnu-tools-for-stm32.10.3-2021.10.win32_1.0.200.202301161003/tools/bin/../lib/gcc/arm-none-eabi/10.3.1/../../../../arm-none-eabi/lib/thumb/v7-m/nofp\libc_nano.a(lib_a-impure.o)
 .ARM.attributes
                0x0000000000000584       0x2d d:/programming/tools/stm32cubeide_1.12.1/stm32cubeide/plugins/com.st.stm32cube.ide.mcu.externaltools.gnu-tools-for-stm32.10.3-2021.10.win32_1.0.200.202301161003/tools/bin/../lib/gcc/arm-none-eabi/10.3.1/../../../../arm-none-eabi/lib/thumb/v7-m/nofp\libc_nano.a(lib_a-init.o)
 .ARM.attributes
                0x00000000000005b1       0x2d d:/programming/tools/stm32cubeide_1.12.1/stm32cubeide/plugins/com.st.stm32cube.ide.mcu.externaltools.gnu-tools-for-stm32.10.3-2021.10.win32_1.0.200.202301161003/tools/bin/../lib/gcc/arm-none-eabi/10.3.1/../../../../arm-none-eabi/lib/thumb/v7-m/nofp\libc_nano.a(lib_a-malloc.o)
 .ARM.attributes
                0x00000000000005de       0x2d d:/programming/tools/stm32cubeide_1.12.1/stm32cubeide/plugins/com.st.stm32cube.ide.mcu.externaltools.gnu-tools-for-stm32.10.3-2021.10.win32_1.0.200.202301161003/tools/bin/../lib/gcc/arm-none-eabi/10.3.1/../../../../arm-none-eabi/lib/thumb/v7-m/nofp\libc_nano.a(lib_a-memcmp.o)
 .ARM.attributes
                0x000000000000060b       0x2d d:/programming/tools/stm32cubeide_1.12.1/stm32cubeide/plugins/com.st.stm32cube.ide.mcu.externaltools.gnu-tools-for-stm32.10.3-2021.10.win32_1.0.200.202301161003/tools/bin/../lib/gcc/arm-none-eabi/10.3.1/../../../../arm-none-eabi/lib/thumb/v7-m/nofp\libc_nano.a(lib_a-memcpy-stub.o)
 .ARM.attributes
                0x0000000000000638       0x2d d:/programming/tools/stm32cubeide_1.12.1/stm32cubeide/plugins/com.st.stm32cube.ide.mcu.externaltools.gnu-tools-for-stm32.10.3-2021.10.win32_1.0.200.202301161003/tools/bin/../lib/gcc/arm-none-eabi/10.3.1/../../../../arm-none-eabi/lib/thumb/v7-m/nofp\libc_nano.a(lib_a-memset.o)
 .ARM.attributes
                0x0000000000000665       0x2d d:/programming/tools/stm32cubeide_1.12.1/stm32cubeide/plugins/com.st.stm32cube.ide.mcu.externaltools.gnu-tools-for-stm32.10.3-2021.10.win32_1.0.200.202301161003/tools/bin/../lib/gcc/arm-none-eabi/10.3.1/../../../../arm-none-eabi/lib/thumb/v7-m/nofp\libc_nano.a(lib_a-nano-mallocr.o)
 .ARM.attributes
                0x0000000000000692       0x2d d:/programming/tools/stm32cubeide_1.12.1/stm32cubeide/plugins/com.st.stm32cube.ide.mcu.externaltools.gnu-tools-for-stm32.10.3-2021.10.win32_1.0.200.202301161003/tools/bin/../lib/gcc/arm-none-eabi/10.3.1/../../../../arm-none-eabi/lib/thumb/v7-m/nofp\libc_nano.a(lib_a-sbrkr.o)
 .ARM.attributes
                0x00000000000006bf       0x2d d:/programming/tools/stm32cubeide_1.12.1/stm32cubeide/plugins/com.st.stm32cube.ide.mcu.externaltools.gnu-tools-for-stm32.10.3-2021.10.win32_1.0.200.202301161003/tools/bin/../lib/gcc/arm-none-eabi/10.3.1/../../../../arm-none-eabi/lib/thumb/v7-m/nofp\libc_nano.a(lib_a-mlock.o)
 .ARM.attributes
                0x00000000000006ec       0x2d d:/programming/tools/stm32cubeide_1.12.1/stm32cubeide/plugins/com.st.stm32cube.ide.mcu.externaltools.gnu-tools-for-stm32.10.3-2021.10.win32_1.0.200.202301161003/tools/bin/../lib/gcc/arm-none-eabi/10.3.1/../../../../arm-none-eabi/lib/thumb/v7-m/nofp\libc_nano.a(lib_a-reent.o)
 .ARM.attributes
                0x0000000000000719       0x2d d:/programming/tools/stm32cubeide_1.12.1/stm32cubeide/plugins/com.st.stm32cube.ide.mcu.externaltools.gnu-tools-for-stm32.10.3-2021.10.win32_1.0.200.202301161003/tools/bin/../lib/gcc/arm-none-eabi/10.3.1/../../../../arm-none-eabi/lib/thumb/v7-m/nofp\libc_nano.a(lib_a-lock.o)
 .ARM.attributes
                0x0000000000000746       0x1d d:/programming/tools/stm32cubeide_1.12.1/stm32cubeide/plugins/com.st.stm32cube.ide.mcu.externaltools.gnu-tools-for-stm32.10.3-2021.10.win32_1.0.200.202301161003/tools/bin/../lib/gcc/arm-none-eabi/10.3.1/thumb/v7-m/nofp/crtn.o
OUTPUT(dupadupamata6czerwiec.elf elf32-littlearm)
LOAD linker stubs
LOAD d:/programming/tools/stm32cubeide_1.12.1/stm32cubeide/plugins/com.st.stm32cube.ide.mcu.externaltools.gnu-tools-for-stm32.10.3-2021.10.win32_1.0.200.202301161003/tools/bin/../lib/gcc/arm-none-eabi/10.3.1/../../../../arm-none-eabi/lib/thumb/v7-m/nofp\libc.a
LOAD d:/programming/tools/stm32cubeide_1.12.1/stm32cubeide/plugins/com.st.stm32cube.ide.mcu.externaltools.gnu-tools-for-stm32.10.3-2021.10.win32_1.0.200.202301161003/tools/bin/../lib/gcc/arm-none-eabi/10.3.1/../../../../arm-none-eabi/lib/thumb/v7-m/nofp\libm.a
LOAD d:/programming/tools/stm32cubeide_1.12.1/stm32cubeide/plugins/com.st.stm32cube.ide.mcu.externaltools.gnu-tools-for-stm32.10.3-2021.10.win32_1.0.200.202301161003/tools/bin/../lib/gcc/arm-none-eabi/10.3.1/thumb/v7-m/nofp\libgcc.a

.comment        0x0000000000000000       0x50
 .comment       0x0000000000000000       0x50 ./Core/Src/Leds.o
                                         0x51 (size before relaxing)
 .comment       0x0000000000000050       0x51 ./Core/Src/main.o
 .comment       0x0000000000000050       0x51 ./Core/Src/stm32f1xx_hal_msp.o
 .comment       0x0000000000000050       0x51 ./Core/Src/stm32f1xx_it.o
 .comment       0x0000000000000050       0x51 ./Core/Src/sysmem.o
 .comment       0x0000000000000050       0x51 ./Core/Src/system_stm32f1xx.o
 .comment       0x0000000000000050       0x51 ./Drivers/STM32F1xx_HAL_Driver/Src/stm32f1xx_hal.o
 .comment       0x0000000000000050       0x51 ./Drivers/STM32F1xx_HAL_Driver/Src/stm32f1xx_hal_adc.o
 .comment       0x0000000000000050       0x51 ./Drivers/STM32F1xx_HAL_Driver/Src/stm32f1xx_hal_adc_ex.o
 .comment       0x0000000000000050       0x51 ./Drivers/STM32F1xx_HAL_Driver/Src/stm32f1xx_hal_cortex.o
 .comment       0x0000000000000050       0x51 ./Drivers/STM32F1xx_HAL_Driver/Src/stm32f1xx_hal_dma.o
 .comment       0x0000000000000050       0x51 ./Drivers/STM32F1xx_HAL_Driver/Src/stm32f1xx_hal_gpio.o
 .comment       0x0000000000000050       0x51 ./Drivers/STM32F1xx_HAL_Driver/Src/stm32f1xx_hal_pcd.o
 .comment       0x0000000000000050       0x51 ./Drivers/STM32F1xx_HAL_Driver/Src/stm32f1xx_hal_pcd_ex.o
 .comment       0x0000000000000050       0x51 ./Drivers/STM32F1xx_HAL_Driver/Src/stm32f1xx_hal_rcc.o
 .comment       0x0000000000000050       0x51 ./Drivers/STM32F1xx_HAL_Driver/Src/stm32f1xx_hal_rcc_ex.o
 .comment       0x0000000000000050       0x51 ./Drivers/STM32F1xx_HAL_Driver/Src/stm32f1xx_hal_tim.o
 .comment       0x0000000000000050       0x51 ./Drivers/STM32F1xx_HAL_Driver/Src/stm32f1xx_hal_tim_ex.o
 .comment       0x0000000000000050       0x51 ./Drivers/STM32F1xx_HAL_Driver/Src/stm32f1xx_ll_usb.o
 .comment       0x0000000000000050       0x51 ./Middlewares/ST/STM32_USB_Device_Library/Class/CustomHID/Src/usbd_customhid.o
 .comment       0x0000000000000050       0x51 ./Middlewares/ST/STM32_USB_Device_Library/Core/Src/usbd_core.o
 .comment       0x0000000000000050       0x51 ./Middlewares/ST/STM32_USB_Device_Library/Core/Src/usbd_ctlreq.o
 .comment       0x0000000000000050       0x51 ./Middlewares/ST/STM32_USB_Device_Library/Core/Src/usbd_ioreq.o
 .comment       0x0000000000000050       0x51 ./USB_DEVICE/App/usb_device.o
 .comment       0x0000000000000050       0x51 ./USB_DEVICE/App/usbd_custom_hid_if.o
 .comment       0x0000000000000050       0x51 ./USB_DEVICE/App/usbd_desc.o
 .comment       0x0000000000000050       0x51 ./USB_DEVICE/Target/usbd_conf.o

.debug_frame    0x0000000000000000      0x2a0
 .debug_frame   0x0000000000000000       0x20 d:/programming/tools/stm32cubeide_1.12.1/stm32cubeide/plugins/com.st.stm32cube.ide.mcu.externaltools.gnu-tools-for-stm32.10.3-2021.10.win32_1.0.200.202301161003/tools/bin/../lib/gcc/arm-none-eabi/10.3.1/../../../../arm-none-eabi/lib/thumb/v7-m/nofp\libc_nano.a(lib_a-errno.o)
 .debug_frame   0x0000000000000020       0x2c d:/programming/tools/stm32cubeide_1.12.1/stm32cubeide/plugins/com.st.stm32cube.ide.mcu.externaltools.gnu-tools-for-stm32.10.3-2021.10.win32_1.0.200.202301161003/tools/bin/../lib/gcc/arm-none-eabi/10.3.1/../../../../arm-none-eabi/lib/thumb/v7-m/nofp\libc_nano.a(lib_a-init.o)
 .debug_frame   0x000000000000004c       0x30 d:/programming/tools/stm32cubeide_1.12.1/stm32cubeide/plugins/com.st.stm32cube.ide.mcu.externaltools.gnu-tools-for-stm32.10.3-2021.10.win32_1.0.200.202301161003/tools/bin/../lib/gcc/arm-none-eabi/10.3.1/../../../../arm-none-eabi/lib/thumb/v7-m/nofp\libc_nano.a(lib_a-malloc.o)
 .debug_frame   0x000000000000007c       0x28 d:/programming/tools/stm32cubeide_1.12.1/stm32cubeide/plugins/com.st.stm32cube.ide.mcu.externaltools.gnu-tools-for-stm32.10.3-2021.10.win32_1.0.200.202301161003/tools/bin/../lib/gcc/arm-none-eabi/10.3.1/../../../../arm-none-eabi/lib/thumb/v7-m/nofp\libc_nano.a(lib_a-memcmp.o)
 .debug_frame   0x00000000000000a4       0x28 d:/programming/tools/stm32cubeide_1.12.1/stm32cubeide/plugins/com.st.stm32cube.ide.mcu.externaltools.gnu-tools-for-stm32.10.3-2021.10.win32_1.0.200.202301161003/tools/bin/../lib/gcc/arm-none-eabi/10.3.1/../../../../arm-none-eabi/lib/thumb/v7-m/nofp\libc_nano.a(lib_a-memcpy-stub.o)
 .debug_frame   0x00000000000000cc       0x20 d:/programming/tools/stm32cubeide_1.12.1/stm32cubeide/plugins/com.st.stm32cube.ide.mcu.externaltools.gnu-tools-for-stm32.10.3-2021.10.win32_1.0.200.202301161003/tools/bin/../lib/gcc/arm-none-eabi/10.3.1/../../../../arm-none-eabi/lib/thumb/v7-m/nofp\libc_nano.a(lib_a-memset.o)
 .debug_frame   0x00000000000000ec       0x4c d:/programming/tools/stm32cubeide_1.12.1/stm32cubeide/plugins/com.st.stm32cube.ide.mcu.externaltools.gnu-tools-for-stm32.10.3-2021.10.win32_1.0.200.202301161003/tools/bin/../lib/gcc/arm-none-eabi/10.3.1/../../../../arm-none-eabi/lib/thumb/v7-m/nofp\libc_nano.a(lib_a-nano-mallocr.o)
 .debug_frame   0x0000000000000138       0x2c d:/programming/tools/stm32cubeide_1.12.1/stm32cubeide/plugins/com.st.stm32cube.ide.mcu.externaltools.gnu-tools-for-stm32.10.3-2021.10.win32_1.0.200.202301161003/tools/bin/../lib/gcc/arm-none-eabi/10.3.1/../../../../arm-none-eabi/lib/thumb/v7-m/nofp\libc_nano.a(lib_a-sbrkr.o)
 .debug_frame   0x0000000000000164       0x30 d:/programming/tools/stm32cubeide_1.12.1/stm32cubeide/plugins/com.st.stm32cube.ide.mcu.externaltools.gnu-tools-for-stm32.10.3-2021.10.win32_1.0.200.202301161003/tools/bin/../lib/gcc/arm-none-eabi/10.3.1/../../../../arm-none-eabi/lib/thumb/v7-m/nofp\libc_nano.a(lib_a-mlock.o)
 .debug_frame   0x0000000000000194       0x5c d:/programming/tools/stm32cubeide_1.12.1/stm32cubeide/plugins/com.st.stm32cube.ide.mcu.externaltools.gnu-tools-for-stm32.10.3-2021.10.win32_1.0.200.202301161003/tools/bin/../lib/gcc/arm-none-eabi/10.3.1/../../../../arm-none-eabi/lib/thumb/v7-m/nofp\libc_nano.a(lib_a-reent.o)
 .debug_frame   0x00000000000001f0       0xb0 d:/programming/tools/stm32cubeide_1.12.1/stm32cubeide/plugins/com.st.stm32cube.ide.mcu.externaltools.gnu-tools-for-stm32.10.3-2021.10.win32_1.0.200.202301161003/tools/bin/../lib/gcc/arm-none-eabi/10.3.1/../../../../arm-none-eabi/lib/thumb/v7-m/nofp\libc_nano.a(lib_a-lock.o)
